--------------------------------------------------------------------------------------
Timing Analyzer Summary
--------------------------------------------------------------------------------------

Type           : Worst-case tsu
Slack          : N/A
Required Time  : None
Actual Time    : -1.372 ns
From           : data
To             : vga:inst3|vga_read:read_and_output|red_out
From Clock     : --
To Clock       : clock_50mhz
Failed Paths   : 0

Type           : Worst-case tco
Slack          : N/A
Required Time  : None
Actual Time    : 9.977 ns
From           : vga:inst3|vga_read:read_and_output|h_sync_out
To             : vga_hsync
From Clock     : clock_50mhz
To Clock       : --
Failed Paths   : 0

Type           : Worst-case th
Slack          : N/A
Required Time  : None
Actual Time    : 1.602 ns
From           : data
To             : vga:inst3|vga_read:read_and_output|red_out
From Clock     : --
To Clock       : clock_50mhz
Failed Paths   : 0

Type           : Clock Setup: 'clock_50mhz'
Slack          : N/A
Required Time  : None
Actual Time    : 357.14 MHz ( period = 2.800 ns )
From           : vga:inst3|vga_counter:counter|pos_x[0]
To             : vga:inst3|vga_counter:counter|pos_y[8]
From Clock     : clock_50mhz
To Clock       : clock_50mhz
Failed Paths   : 0

Type           : Total number of failed paths
Slack          : 
Required Time  : 
Actual Time    : 
From           : 
To             : 
From Clock     : 
To Clock       : 
Failed Paths   : 0

--------------------------------------------------------------------------------------

