Classic Timing Analyzer report for top_de2
Tue Dec  3 21:14:56 2013
Quartus II Version 10.0 Build 262 08/18/2010 Service Pack 1 SJ Full Version


---------------------
; Table of Contents ;
---------------------
  1. Legal Notice
  2. Classic Timing Analyzer Deprecation
  3. Timing Analyzer Summary
  4. Timing Analyzer Settings
  5. Clock Settings Summary
  6. Parallel Compilation
  7. Clock Setup: 'clock_50mhz'
  8. tco
  9. Timing Analyzer Messages



----------------
; Legal Notice ;
----------------
Copyright (C) 1991-2010 Altera Corporation
Your use of Altera Corporation's design tools, logic functions 
and other software and tools, and its AMPP partner logic 
functions, and any output files from any of the foregoing 
(including device programming or simulation files), and any 
associated documentation or information are expressly subject 
to the terms and conditions of the Altera Program License 
Subscription Agreement, Altera MegaCore Function License 
Agreement, or other applicable license agreement, including, 
without limitation, that your use is for the sole purpose of 
programming logic devices manufactured by Altera and sold by 
Altera or its authorized distributors.  Please refer to the 
applicable agreement for further details.



---------------------------------------
; Classic Timing Analyzer Deprecation ;
---------------------------------------
Classic Timing Analyzer will not be available in a future release of the Quartus II software. Use the TimeQuest Timing Analyzer to run timing analysis on your design. Convert all the project settings and the timing constraints to TimeQuest Timing Analyzer equivalents.


+-----------------------------------------------------------------------------------------------------------------------------------------------------------------------------------------------------------------------------+
; Timing Analyzer Summary                                                                                                                                                                                                     ;
+------------------------------+-------+---------------+----------------------------------+-----------------------------------------------+----------------------------------------+-------------+-------------+--------------+
; Type                         ; Slack ; Required Time ; Actual Time                      ; From                                          ; To                                     ; From Clock  ; To Clock    ; Failed Paths ;
+------------------------------+-------+---------------+----------------------------------+-----------------------------------------------+----------------------------------------+-------------+-------------+--------------+
; Worst-case tco               ; N/A   ; None          ; 10.640 ns                        ; vga:inst3|vga_read:read_and_output|h_sync_out ; vga_hsync                              ; clock_50mhz ; --          ; 0            ;
; Clock Setup: 'clock_50mhz'   ; N/A   ; None          ; 352.36 MHz ( period = 2.838 ns ) ; vga:inst3|vga_counter:counter|pos_x[2]        ; vga:inst3|vga_counter:counter|pos_y[2] ; clock_50mhz ; clock_50mhz ; 0            ;
; Total number of failed paths ;       ;               ;                                  ;                                               ;                                        ;             ;             ; 0            ;
+------------------------------+-------+---------------+----------------------------------+-----------------------------------------------+----------------------------------------+-------------+-------------+--------------+


+-----------------------------------------------------------------------------------------------------------------------------------------------------+
; Timing Analyzer Settings                                                                                                                            ;
+------------------------------------------------------------------------------------------------------+--------------------+------+----+-------------+
; Option                                                                                               ; Setting            ; From ; To ; Entity Name ;
+------------------------------------------------------------------------------------------------------+--------------------+------+----+-------------+
; Device Name                                                                                          ; EP2C35F672C6       ;      ;    ;             ;
; Timing Models                                                                                        ; Final              ;      ;    ;             ;
; Default hold multicycle                                                                              ; Same as Multicycle ;      ;    ;             ;
; Cut paths between unrelated clock domains                                                            ; On                 ;      ;    ;             ;
; Cut off read during write signal paths                                                               ; On                 ;      ;    ;             ;
; Cut off feedback from I/O pins                                                                       ; On                 ;      ;    ;             ;
; Report Combined Fast/Slow Timing                                                                     ; Off                ;      ;    ;             ;
; Ignore Clock Settings                                                                                ; Off                ;      ;    ;             ;
; Analyze latches as synchronous elements                                                              ; On                 ;      ;    ;             ;
; Enable Recovery/Removal analysis                                                                     ; Off                ;      ;    ;             ;
; Enable Clock Latency                                                                                 ; Off                ;      ;    ;             ;
; Use TimeQuest Timing Analyzer                                                                        ; Off                ;      ;    ;             ;
; Minimum Core Junction Temperature                                                                    ; 0                  ;      ;    ;             ;
; Maximum Core Junction Temperature                                                                    ; 85                 ;      ;    ;             ;
; Number of source nodes to report per destination node                                                ; 10                 ;      ;    ;             ;
; Number of destination nodes to report                                                                ; 10                 ;      ;    ;             ;
; Number of paths to report                                                                            ; 200                ;      ;    ;             ;
; Report Minimum Timing Checks                                                                         ; Off                ;      ;    ;             ;
; Use Fast Timing Models                                                                               ; Off                ;      ;    ;             ;
; Report IO Paths Separately                                                                           ; Off                ;      ;    ;             ;
; Perform Multicorner Analysis                                                                         ; On                 ;      ;    ;             ;
; Reports the worst-case path for each clock domain and analysis                                       ; Off                ;      ;    ;             ;
; Reports worst-case timing paths for each clock domain and analysis                                   ; On                 ;      ;    ;             ;
; Specifies the maximum number of worst-case timing paths to report for each clock domain and analysis ; 100                ;      ;    ;             ;
; Removes common clock path pessimism (CCPP) during slack computation                                  ; Off                ;      ;    ;             ;
+------------------------------------------------------------------------------------------------------+--------------------+------+----+-------------+


+------------------------------------------------------------------------------------------------------------------------------------------------------------------------------------+
; Clock Settings Summary                                                                                                                                                             ;
+-----------------+--------------------+----------+------------------+---------------+--------------+----------+-----------------------+---------------------+--------+--------------+
; Clock Node Name ; Clock Setting Name ; Type     ; Fmax Requirement ; Early Latency ; Late Latency ; Based on ; Multiply Base Fmax by ; Divide Base Fmax by ; Offset ; Phase offset ;
+-----------------+--------------------+----------+------------------+---------------+--------------+----------+-----------------------+---------------------+--------+--------------+
; clock_50mhz     ;                    ; User Pin ; None             ; 0.000 ns      ; 0.000 ns     ; --       ; N/A                   ; N/A                 ; N/A    ;              ;
+-----------------+--------------------+----------+------------------+---------------+--------------+----------+-----------------------+---------------------+--------+--------------+


+------------------------------------------+
; Parallel Compilation                     ;
+----------------------------+-------------+
; Processors                 ; Number      ;
+----------------------------+-------------+
; Number detected on machine ; 8           ;
; Maximum allowed            ; 8           ;
;                            ;             ;
; Average used               ; 1.00        ;
; Maximum used               ; 1           ;
;                            ;             ;
; Usage by Processor         ; % Time Used ;
;     1 processor            ; 100.0%      ;
;     2-8 processors         ;   0.0%      ;
+----------------------------+-------------+


+-----------------------------------------------------------------------------------------------------------------------------------------------------------------------------------------------------------------------------------------------------------------------------------------------------------------------------+
; Clock Setup: 'clock_50mhz'                                                                                                                                                                                                                                                                                                  ;
+-----------------------------------------+-----------------------------------------------------+------------------------------------------------------+------------------------------------------------------+-------------+-------------+-----------------------------+---------------------------+-------------------------+
; Slack                                   ; Actual fmax (period)                                ; From                                                 ; To                                                   ; From Clock  ; To Clock    ; Required Setup Relationship ; Required Longest P2P Time ; Actual Longest P2P Time ;
+-----------------------------------------+-----------------------------------------------------+------------------------------------------------------+------------------------------------------------------+-------------+-------------+-----------------------------+---------------------------+-------------------------+
; N/A                                     ; 352.36 MHz ( period = 2.838 ns )                    ; vga:inst3|vga_counter:counter|pos_x[2]               ; vga:inst3|vga_counter:counter|pos_y[2]               ; clock_50mhz ; clock_50mhz ; None                        ; None                      ; 2.621 ns                ;
; N/A                                     ; 352.86 MHz ( period = 2.834 ns )                    ; vga:inst3|vga_counter:counter|pos_x[2]               ; vga:inst3|vga_counter:counter|pos_y[4]               ; clock_50mhz ; clock_50mhz ; None                        ; None                      ; 2.620 ns                ;
; N/A                                     ; 354.11 MHz ( period = 2.824 ns )                    ; vga:inst3|vga_counter:counter|pos_x[3]               ; vga:inst3|vga_counter:counter|pos_y[2]               ; clock_50mhz ; clock_50mhz ; None                        ; None                      ; 2.607 ns                ;
; N/A                                     ; 354.61 MHz ( period = 2.820 ns )                    ; vga:inst3|vga_counter:counter|pos_x[3]               ; vga:inst3|vga_counter:counter|pos_y[4]               ; clock_50mhz ; clock_50mhz ; None                        ; None                      ; 2.606 ns                ;
; N/A                                     ; 358.29 MHz ( period = 2.791 ns )                    ; vga:inst3|vga_counter:counter|pos_x[4]               ; vga:inst3|vga_counter:counter|pos_y[2]               ; clock_50mhz ; clock_50mhz ; None                        ; None                      ; 2.574 ns                ;
; N/A                                     ; 358.81 MHz ( period = 2.787 ns )                    ; vga:inst3|vga_counter:counter|pos_x[4]               ; vga:inst3|vga_counter:counter|pos_y[4]               ; clock_50mhz ; clock_50mhz ; None                        ; None                      ; 2.573 ns                ;
; N/A                                     ; 364.83 MHz ( period = 2.741 ns )                    ; vga:inst3|vga_counter:counter|pos_x[7]               ; vga:inst3|vga_score_check:score_check|in_score_state ; clock_50mhz ; clock_50mhz ; None                        ; None                      ; 2.527 ns                ;
; N/A                                     ; 371.06 MHz ( period = 2.695 ns )                    ; vga:inst3|vga_counter:counter|pos_x[7]               ; vga:inst3|vga_counter:counter|pos_y[2]               ; clock_50mhz ; clock_50mhz ; None                        ; None                      ; 2.478 ns                ;
; N/A                                     ; 371.20 MHz ( period = 2.694 ns )                    ; vga:inst3|vga_counter:counter|pos_x[2]               ; vga:inst3|vga_counter:counter|pos_y[0]               ; clock_50mhz ; clock_50mhz ; None                        ; None                      ; 2.479 ns                ;
; N/A                                     ; 371.20 MHz ( period = 2.694 ns )                    ; vga:inst3|vga_counter:counter|pos_x[2]               ; vga:inst3|vga_counter:counter|pos_y[7]               ; clock_50mhz ; clock_50mhz ; None                        ; None                      ; 2.479 ns                ;
; N/A                                     ; 371.20 MHz ( period = 2.694 ns )                    ; vga:inst3|vga_counter:counter|pos_x[2]               ; vga:inst3|vga_counter:counter|pos_y[1]               ; clock_50mhz ; clock_50mhz ; None                        ; None                      ; 2.479 ns                ;
; N/A                                     ; 371.20 MHz ( period = 2.694 ns )                    ; vga:inst3|vga_counter:counter|pos_x[2]               ; vga:inst3|vga_counter:counter|pos_y[3]               ; clock_50mhz ; clock_50mhz ; None                        ; None                      ; 2.479 ns                ;
; N/A                                     ; 371.20 MHz ( period = 2.694 ns )                    ; vga:inst3|vga_counter:counter|pos_x[2]               ; vga:inst3|vga_counter:counter|pos_y[8]               ; clock_50mhz ; clock_50mhz ; None                        ; None                      ; 2.479 ns                ;
; N/A                                     ; 371.20 MHz ( period = 2.694 ns )                    ; vga:inst3|vga_counter:counter|pos_x[2]               ; vga:inst3|vga_counter:counter|pos_y[6]               ; clock_50mhz ; clock_50mhz ; None                        ; None                      ; 2.479 ns                ;
; N/A                                     ; 371.20 MHz ( period = 2.694 ns )                    ; vga:inst3|vga_counter:counter|pos_x[2]               ; vga:inst3|vga_counter:counter|pos_y[5]               ; clock_50mhz ; clock_50mhz ; None                        ; None                      ; 2.479 ns                ;
; N/A                                     ; 371.20 MHz ( period = 2.694 ns )                    ; vga:inst3|vga_counter:counter|pos_x[2]               ; vga:inst3|vga_counter:counter|pos_y[9]               ; clock_50mhz ; clock_50mhz ; None                        ; None                      ; 2.479 ns                ;
; N/A                                     ; 371.61 MHz ( period = 2.691 ns )                    ; vga:inst3|vga_counter:counter|pos_x[7]               ; vga:inst3|vga_counter:counter|pos_y[4]               ; clock_50mhz ; clock_50mhz ; None                        ; None                      ; 2.477 ns                ;
; N/A                                     ; 373.13 MHz ( period = 2.680 ns )                    ; vga:inst3|vga_counter:counter|pos_x[3]               ; vga:inst3|vga_counter:counter|pos_y[0]               ; clock_50mhz ; clock_50mhz ; None                        ; None                      ; 2.465 ns                ;
; N/A                                     ; 373.13 MHz ( period = 2.680 ns )                    ; vga:inst3|vga_counter:counter|pos_x[3]               ; vga:inst3|vga_counter:counter|pos_y[7]               ; clock_50mhz ; clock_50mhz ; None                        ; None                      ; 2.465 ns                ;
; N/A                                     ; 373.13 MHz ( period = 2.680 ns )                    ; vga:inst3|vga_counter:counter|pos_x[3]               ; vga:inst3|vga_counter:counter|pos_y[1]               ; clock_50mhz ; clock_50mhz ; None                        ; None                      ; 2.465 ns                ;
; N/A                                     ; 373.13 MHz ( period = 2.680 ns )                    ; vga:inst3|vga_counter:counter|pos_x[3]               ; vga:inst3|vga_counter:counter|pos_y[3]               ; clock_50mhz ; clock_50mhz ; None                        ; None                      ; 2.465 ns                ;
; N/A                                     ; 373.13 MHz ( period = 2.680 ns )                    ; vga:inst3|vga_counter:counter|pos_x[3]               ; vga:inst3|vga_counter:counter|pos_y[8]               ; clock_50mhz ; clock_50mhz ; None                        ; None                      ; 2.465 ns                ;
; N/A                                     ; 373.13 MHz ( period = 2.680 ns )                    ; vga:inst3|vga_counter:counter|pos_x[3]               ; vga:inst3|vga_counter:counter|pos_y[6]               ; clock_50mhz ; clock_50mhz ; None                        ; None                      ; 2.465 ns                ;
; N/A                                     ; 373.13 MHz ( period = 2.680 ns )                    ; vga:inst3|vga_counter:counter|pos_x[3]               ; vga:inst3|vga_counter:counter|pos_y[5]               ; clock_50mhz ; clock_50mhz ; None                        ; None                      ; 2.465 ns                ;
; N/A                                     ; 373.13 MHz ( period = 2.680 ns )                    ; vga:inst3|vga_counter:counter|pos_x[3]               ; vga:inst3|vga_counter:counter|pos_y[9]               ; clock_50mhz ; clock_50mhz ; None                        ; None                      ; 2.465 ns                ;
; N/A                                     ; 377.79 MHz ( period = 2.647 ns )                    ; vga:inst3|vga_counter:counter|pos_x[4]               ; vga:inst3|vga_counter:counter|pos_y[0]               ; clock_50mhz ; clock_50mhz ; None                        ; None                      ; 2.432 ns                ;
; N/A                                     ; 377.79 MHz ( period = 2.647 ns )                    ; vga:inst3|vga_counter:counter|pos_x[4]               ; vga:inst3|vga_counter:counter|pos_y[7]               ; clock_50mhz ; clock_50mhz ; None                        ; None                      ; 2.432 ns                ;
; N/A                                     ; 377.79 MHz ( period = 2.647 ns )                    ; vga:inst3|vga_counter:counter|pos_x[4]               ; vga:inst3|vga_counter:counter|pos_y[1]               ; clock_50mhz ; clock_50mhz ; None                        ; None                      ; 2.432 ns                ;
; N/A                                     ; 377.79 MHz ( period = 2.647 ns )                    ; vga:inst3|vga_counter:counter|pos_x[4]               ; vga:inst3|vga_counter:counter|pos_y[3]               ; clock_50mhz ; clock_50mhz ; None                        ; None                      ; 2.432 ns                ;
; N/A                                     ; 377.79 MHz ( period = 2.647 ns )                    ; vga:inst3|vga_counter:counter|pos_x[4]               ; vga:inst3|vga_counter:counter|pos_y[8]               ; clock_50mhz ; clock_50mhz ; None                        ; None                      ; 2.432 ns                ;
; N/A                                     ; 377.79 MHz ( period = 2.647 ns )                    ; vga:inst3|vga_counter:counter|pos_x[4]               ; vga:inst3|vga_counter:counter|pos_y[6]               ; clock_50mhz ; clock_50mhz ; None                        ; None                      ; 2.432 ns                ;
; N/A                                     ; 377.79 MHz ( period = 2.647 ns )                    ; vga:inst3|vga_counter:counter|pos_x[4]               ; vga:inst3|vga_counter:counter|pos_y[5]               ; clock_50mhz ; clock_50mhz ; None                        ; None                      ; 2.432 ns                ;
; N/A                                     ; 377.79 MHz ( period = 2.647 ns )                    ; vga:inst3|vga_counter:counter|pos_x[4]               ; vga:inst3|vga_counter:counter|pos_y[9]               ; clock_50mhz ; clock_50mhz ; None                        ; None                      ; 2.432 ns                ;
; N/A                                     ; 380.08 MHz ( period = 2.631 ns )                    ; vga:inst3|vga_counter:counter|pos_y[8]               ; vga:inst3|vga_counter:counter|pos_y[9]               ; clock_50mhz ; clock_50mhz ; None                        ; None                      ; 2.417 ns                ;
; N/A                                     ; 385.51 MHz ( period = 2.594 ns )                    ; vga:inst3|vga_counter:counter|pos_y[2]               ; vga:inst3|vga_counter:counter|pos_y[1]               ; clock_50mhz ; clock_50mhz ; None                        ; None                      ; 2.382 ns                ;
; N/A                                     ; 387.60 MHz ( period = 2.580 ns )                    ; vga:inst3|vga_counter:counter|pos_y[2]               ; vga:inst3|vga_counter:counter|pos_y[2]               ; clock_50mhz ; clock_50mhz ; None                        ; None                      ; 2.366 ns                ;
; N/A                                     ; 387.90 MHz ( period = 2.578 ns )                    ; vga:inst3|vga_counter:counter|pos_y[6]               ; vga:inst3|vga_counter:counter|pos_y[9]               ; clock_50mhz ; clock_50mhz ; None                        ; None                      ; 2.364 ns                ;
; N/A                                     ; 388.05 MHz ( period = 2.577 ns )                    ; vga:inst3|vga_counter:counter|pos_y[4]               ; vga:inst3|vga_score_check:score_check|in_score_state ; clock_50mhz ; clock_50mhz ; None                        ; None                      ; 2.363 ns                ;
; N/A                                     ; 388.65 MHz ( period = 2.573 ns )                    ; vga:inst3|vga_counter:counter|pos_x[5]               ; vga:inst3|vga_counter:counter|pos_y[2]               ; clock_50mhz ; clock_50mhz ; None                        ; None                      ; 2.356 ns                ;
; N/A                                     ; 388.80 MHz ( period = 2.572 ns )                    ; vga:inst3|vga_counter:counter|pos_y[4]               ; vga:inst3|vga_counter:counter|pos_y[1]               ; clock_50mhz ; clock_50mhz ; None                        ; None                      ; 2.357 ns                ;
; N/A                                     ; 389.26 MHz ( period = 2.569 ns )                    ; vga:inst3|vga_counter:counter|pos_x[5]               ; vga:inst3|vga_counter:counter|pos_y[4]               ; clock_50mhz ; clock_50mhz ; None                        ; None                      ; 2.355 ns                ;
; N/A                                     ; 390.02 MHz ( period = 2.564 ns )                    ; vga:inst3|vga_counter:counter|pos_y[2]               ; vga:inst3|vga_counter:counter|pos_y[9]               ; clock_50mhz ; clock_50mhz ; None                        ; None                      ; 2.352 ns                ;
; N/A                                     ; 390.17 MHz ( period = 2.563 ns )                    ; vga:inst3|vga_counter:counter|pos_y[5]               ; vga:inst3|vga_np_check:np_check|in_np_state          ; clock_50mhz ; clock_50mhz ; None                        ; None                      ; 2.351 ns                ;
; N/A                                     ; 390.93 MHz ( period = 2.558 ns )                    ; vga:inst3|vga_counter:counter|pos_y[4]               ; vga:inst3|vga_counter:counter|pos_y[2]               ; clock_50mhz ; clock_50mhz ; None                        ; None                      ; 2.341 ns                ;
; N/A                                     ; 392.00 MHz ( period = 2.551 ns )                    ; vga:inst3|vga_counter:counter|pos_x[7]               ; vga:inst3|vga_counter:counter|pos_y[0]               ; clock_50mhz ; clock_50mhz ; None                        ; None                      ; 2.336 ns                ;
; N/A                                     ; 392.00 MHz ( period = 2.551 ns )                    ; vga:inst3|vga_counter:counter|pos_x[7]               ; vga:inst3|vga_counter:counter|pos_y[7]               ; clock_50mhz ; clock_50mhz ; None                        ; None                      ; 2.336 ns                ;
; N/A                                     ; 392.00 MHz ( period = 2.551 ns )                    ; vga:inst3|vga_counter:counter|pos_x[7]               ; vga:inst3|vga_counter:counter|pos_y[1]               ; clock_50mhz ; clock_50mhz ; None                        ; None                      ; 2.336 ns                ;
; N/A                                     ; 392.00 MHz ( period = 2.551 ns )                    ; vga:inst3|vga_counter:counter|pos_x[7]               ; vga:inst3|vga_counter:counter|pos_y[3]               ; clock_50mhz ; clock_50mhz ; None                        ; None                      ; 2.336 ns                ;
; N/A                                     ; 392.00 MHz ( period = 2.551 ns )                    ; vga:inst3|vga_counter:counter|pos_x[7]               ; vga:inst3|vga_counter:counter|pos_y[8]               ; clock_50mhz ; clock_50mhz ; None                        ; None                      ; 2.336 ns                ;
; N/A                                     ; 392.00 MHz ( period = 2.551 ns )                    ; vga:inst3|vga_counter:counter|pos_x[7]               ; vga:inst3|vga_counter:counter|pos_y[6]               ; clock_50mhz ; clock_50mhz ; None                        ; None                      ; 2.336 ns                ;
; N/A                                     ; 392.00 MHz ( period = 2.551 ns )                    ; vga:inst3|vga_counter:counter|pos_x[7]               ; vga:inst3|vga_counter:counter|pos_y[5]               ; clock_50mhz ; clock_50mhz ; None                        ; None                      ; 2.336 ns                ;
; N/A                                     ; 392.00 MHz ( period = 2.551 ns )                    ; vga:inst3|vga_counter:counter|pos_x[7]               ; vga:inst3|vga_counter:counter|pos_y[9]               ; clock_50mhz ; clock_50mhz ; None                        ; None                      ; 2.336 ns                ;
; N/A                                     ; 393.39 MHz ( period = 2.542 ns )                    ; vga:inst3|vga_counter:counter|pos_y[4]               ; vga:inst3|vga_counter:counter|pos_y[9]               ; clock_50mhz ; clock_50mhz ; None                        ; None                      ; 2.327 ns                ;
; N/A                                     ; 395.41 MHz ( period = 2.529 ns )                    ; vga:inst3|vga_counter:counter|pos_x[0]               ; vga:inst3|vga_counter:counter|pos_y[2]               ; clock_50mhz ; clock_50mhz ; None                        ; None                      ; 2.312 ns                ;
; N/A                                     ; 396.04 MHz ( period = 2.525 ns )                    ; vga:inst3|vga_counter:counter|pos_x[0]               ; vga:inst3|vga_counter:counter|pos_y[4]               ; clock_50mhz ; clock_50mhz ; None                        ; None                      ; 2.311 ns                ;
; N/A                                     ; 398.09 MHz ( period = 2.512 ns )                    ; vga:inst3|vga_counter:counter|pos_y[7]               ; vga:inst3|vga_score_check:score_check|in_score_state ; clock_50mhz ; clock_50mhz ; None                        ; None                      ; 2.299 ns                ;
; N/A                                     ; 400.64 MHz ( period = 2.496 ns )                    ; vga:inst3|vga_counter:counter|pos_y[5]               ; vga:inst3|vga_score_check:score_check|in_score_state ; clock_50mhz ; clock_50mhz ; None                        ; None                      ; 2.283 ns                ;
; N/A                                     ; 402.41 MHz ( period = 2.485 ns )                    ; vga:inst3|vga_counter:counter|pos_y[7]               ; vga:inst3|vga_counter:counter|pos_y[0]               ; clock_50mhz ; clock_50mhz ; None                        ; None                      ; 2.271 ns                ;
; N/A                                     ; 402.74 MHz ( period = 2.483 ns )                    ; vga:inst3|vga_counter:counter|pos_y[5]               ; vga:inst3|vga_counter:counter|pos_y[9]               ; clock_50mhz ; clock_50mhz ; None                        ; None                      ; 2.269 ns                ;
; N/A                                     ; 404.37 MHz ( period = 2.473 ns )                    ; vga:inst3|vga_counter:counter|pos_y[0]               ; vga:inst3|vga_counter:counter|pos_y[9]               ; clock_50mhz ; clock_50mhz ; None                        ; None                      ; 2.259 ns                ;
; N/A                                     ; 405.35 MHz ( period = 2.467 ns )                    ; vga:inst3|vga_counter:counter|pos_x[5]               ; vga:inst3|vga_score_check:score_check|in_score_state ; clock_50mhz ; clock_50mhz ; None                        ; None                      ; 2.253 ns                ;
; N/A                                     ; 405.68 MHz ( period = 2.465 ns )                    ; vga:inst3|vga_counter:counter|pos_y[7]               ; vga:inst3|vga_counter:counter|pos_y[2]               ; clock_50mhz ; clock_50mhz ; None                        ; None                      ; 2.249 ns                ;
; N/A                                     ; 407.83 MHz ( period = 2.452 ns )                    ; vga:inst3|vga_counter:counter|pos_y[2]               ; vga:inst3|vga_counter:counter|pos_y[0]               ; clock_50mhz ; clock_50mhz ; None                        ; None                      ; 2.240 ns                ;
; N/A                                     ; 409.33 MHz ( period = 2.443 ns )                    ; vga:inst3|vga_counter:counter|pos_x[1]               ; vga:inst3|vga_counter:counter|pos_y[2]               ; clock_50mhz ; clock_50mhz ; None                        ; None                      ; 2.226 ns                ;
; N/A                                     ; 409.84 MHz ( period = 2.440 ns )                    ; vga:inst3|vga_counter:counter|pos_x[4]               ; vga:inst3|vga_score_check:score_check|in_score_state ; clock_50mhz ; clock_50mhz ; None                        ; None                      ; 2.226 ns                ;
; N/A                                     ; 409.84 MHz ( period = 2.440 ns )                    ; vga:inst3|vga_counter:counter|pos_y[4]               ; vga:inst3|vga_np_check:np_check|in_np_state          ; clock_50mhz ; clock_50mhz ; None                        ; None                      ; 2.227 ns                ;
; N/A                                     ; 410.00 MHz ( period = 2.439 ns )                    ; vga:inst3|vga_counter:counter|pos_x[1]               ; vga:inst3|vga_counter:counter|pos_y[4]               ; clock_50mhz ; clock_50mhz ; None                        ; None                      ; 2.225 ns                ;
; N/A                                     ; 411.35 MHz ( period = 2.431 ns )                    ; vga:inst3|vga_counter:counter|pos_y[6]               ; vga:inst3|vga_np_check:np_check|in_np_state          ; clock_50mhz ; clock_50mhz ; None                        ; None                      ; 2.219 ns                ;
; N/A                                     ; 411.52 MHz ( period = 2.430 ns )                    ; vga:inst3|vga_counter:counter|pos_y[4]               ; vga:inst3|vga_counter:counter|pos_y[0]               ; clock_50mhz ; clock_50mhz ; None                        ; None                      ; 2.215 ns                ;
; N/A                                     ; 411.69 MHz ( period = 2.429 ns )                    ; vga:inst3|vga_counter:counter|pos_x[5]               ; vga:inst3|vga_counter:counter|pos_y[0]               ; clock_50mhz ; clock_50mhz ; None                        ; None                      ; 2.214 ns                ;
; N/A                                     ; 411.69 MHz ( period = 2.429 ns )                    ; vga:inst3|vga_counter:counter|pos_x[5]               ; vga:inst3|vga_counter:counter|pos_y[7]               ; clock_50mhz ; clock_50mhz ; None                        ; None                      ; 2.214 ns                ;
; N/A                                     ; 411.69 MHz ( period = 2.429 ns )                    ; vga:inst3|vga_counter:counter|pos_x[5]               ; vga:inst3|vga_counter:counter|pos_y[1]               ; clock_50mhz ; clock_50mhz ; None                        ; None                      ; 2.214 ns                ;
; N/A                                     ; 411.69 MHz ( period = 2.429 ns )                    ; vga:inst3|vga_counter:counter|pos_x[5]               ; vga:inst3|vga_counter:counter|pos_y[3]               ; clock_50mhz ; clock_50mhz ; None                        ; None                      ; 2.214 ns                ;
; N/A                                     ; 411.69 MHz ( period = 2.429 ns )                    ; vga:inst3|vga_counter:counter|pos_x[5]               ; vga:inst3|vga_counter:counter|pos_y[8]               ; clock_50mhz ; clock_50mhz ; None                        ; None                      ; 2.214 ns                ;
; N/A                                     ; 411.69 MHz ( period = 2.429 ns )                    ; vga:inst3|vga_counter:counter|pos_x[5]               ; vga:inst3|vga_counter:counter|pos_y[6]               ; clock_50mhz ; clock_50mhz ; None                        ; None                      ; 2.214 ns                ;
; N/A                                     ; 411.69 MHz ( period = 2.429 ns )                    ; vga:inst3|vga_counter:counter|pos_x[5]               ; vga:inst3|vga_counter:counter|pos_y[5]               ; clock_50mhz ; clock_50mhz ; None                        ; None                      ; 2.214 ns                ;
; N/A                                     ; 411.69 MHz ( period = 2.429 ns )                    ; vga:inst3|vga_counter:counter|pos_x[5]               ; vga:inst3|vga_counter:counter|pos_y[9]               ; clock_50mhz ; clock_50mhz ; None                        ; None                      ; 2.214 ns                ;
; N/A                                     ; 412.71 MHz ( period = 2.423 ns )                    ; vga:inst3|vga_counter:counter|pos_y[0]               ; vga:inst3|vga_counter:counter|pos_y[1]               ; clock_50mhz ; clock_50mhz ; None                        ; None                      ; 2.209 ns                ;
; N/A                                     ; 415.11 MHz ( period = 2.409 ns )                    ; vga:inst3|vga_counter:counter|pos_y[0]               ; vga:inst3|vga_counter:counter|pos_y[2]               ; clock_50mhz ; clock_50mhz ; None                        ; None                      ; 2.193 ns                ;
; N/A                                     ; 416.32 MHz ( period = 2.402 ns )                    ; vga:inst3|vga_counter:counter|pos_y[1]               ; vga:inst3|vga_counter:counter|pos_y[9]               ; clock_50mhz ; clock_50mhz ; None                        ; None                      ; 2.188 ns                ;
; N/A                                     ; 419.29 MHz ( period = 2.385 ns )                    ; vga:inst3|vga_counter:counter|pos_x[0]               ; vga:inst3|vga_counter:counter|pos_y[0]               ; clock_50mhz ; clock_50mhz ; None                        ; None                      ; 2.170 ns                ;
; N/A                                     ; 419.29 MHz ( period = 2.385 ns )                    ; vga:inst3|vga_counter:counter|pos_x[0]               ; vga:inst3|vga_counter:counter|pos_y[7]               ; clock_50mhz ; clock_50mhz ; None                        ; None                      ; 2.170 ns                ;
; N/A                                     ; 419.29 MHz ( period = 2.385 ns )                    ; vga:inst3|vga_counter:counter|pos_x[0]               ; vga:inst3|vga_counter:counter|pos_y[1]               ; clock_50mhz ; clock_50mhz ; None                        ; None                      ; 2.170 ns                ;
; N/A                                     ; 419.29 MHz ( period = 2.385 ns )                    ; vga:inst3|vga_counter:counter|pos_x[0]               ; vga:inst3|vga_counter:counter|pos_y[3]               ; clock_50mhz ; clock_50mhz ; None                        ; None                      ; 2.170 ns                ;
; N/A                                     ; 419.29 MHz ( period = 2.385 ns )                    ; vga:inst3|vga_counter:counter|pos_x[0]               ; vga:inst3|vga_counter:counter|pos_y[8]               ; clock_50mhz ; clock_50mhz ; None                        ; None                      ; 2.170 ns                ;
; N/A                                     ; 419.29 MHz ( period = 2.385 ns )                    ; vga:inst3|vga_counter:counter|pos_x[0]               ; vga:inst3|vga_counter:counter|pos_y[6]               ; clock_50mhz ; clock_50mhz ; None                        ; None                      ; 2.170 ns                ;
; N/A                                     ; 419.29 MHz ( period = 2.385 ns )                    ; vga:inst3|vga_counter:counter|pos_x[0]               ; vga:inst3|vga_counter:counter|pos_y[5]               ; clock_50mhz ; clock_50mhz ; None                        ; None                      ; 2.170 ns                ;
; N/A                                     ; 419.29 MHz ( period = 2.385 ns )                    ; vga:inst3|vga_counter:counter|pos_x[0]               ; vga:inst3|vga_counter:counter|pos_y[9]               ; clock_50mhz ; clock_50mhz ; None                        ; None                      ; 2.170 ns                ;
; N/A                                     ; 420.17 MHz ( period = 2.380 ns )                    ; vga:inst3|vga_counter:counter|pos_y[8]               ; vga:inst3|vga_counter:counter|pos_y[4]               ; clock_50mhz ; clock_50mhz ; None                        ; None                      ; 2.167 ns                ;
; N/A                                     ; Restricted to 420.17 MHz ( period = 2.380 ns )      ; vga:inst3|vga_counter:counter|pos_x[2]               ; vga:inst3|vga_counter:counter|pos_x[7]               ; clock_50mhz ; clock_50mhz ; None                        ; None                      ; 2.134 ns                ;
; N/A                                     ; Restricted to 420.17 MHz ( period = 2.380 ns )      ; vga:inst3|vga_counter:counter|pos_x[2]               ; vga:inst3|vga_counter:counter|pos_x[6]               ; clock_50mhz ; clock_50mhz ; None                        ; None                      ; 2.134 ns                ;
; N/A                                     ; Restricted to 420.17 MHz ( period = 2.380 ns )      ; vga:inst3|vga_counter:counter|pos_y[8]               ; vga:inst3|vga_counter:counter|pos_y[0]               ; clock_50mhz ; clock_50mhz ; None                        ; None                      ; 2.134 ns                ;
; N/A                                     ; Restricted to 420.17 MHz ( period = 2.380 ns )      ; vga:inst3|vga_counter:counter|pos_y[8]               ; vga:inst3|vga_counter:counter|pos_y[1]               ; clock_50mhz ; clock_50mhz ; None                        ; None                      ; 2.134 ns                ;
; N/A                                     ; Restricted to 420.17 MHz ( period = 2.380 ns )      ; vga:inst3|vga_counter:counter|pos_y[9]               ; vga:inst3|vga_counter:counter|pos_y[9]               ; clock_50mhz ; clock_50mhz ; None                        ; None                      ; 2.132 ns                ;
; N/A                                     ; Restricted to 420.17 MHz ( period = 2.380 ns )      ; vga:inst3|vga_counter:counter|pos_y[8]               ; vga:inst3|vga_counter:counter|pos_y[2]               ; clock_50mhz ; clock_50mhz ; None                        ; None                      ; 2.117 ns                ;
; N/A                                     ; Restricted to 420.17 MHz ( period = 2.380 ns )      ; vga:inst3|vga_counter:counter|pos_x[0]               ; vga:inst3|vga_counter:counter|pos_x[7]               ; clock_50mhz ; clock_50mhz ; None                        ; None                      ; 2.114 ns                ;
; N/A                                     ; Restricted to 420.17 MHz ( period = 2.380 ns )      ; vga:inst3|vga_counter:counter|pos_y[6]               ; vga:inst3|vga_counter:counter|pos_y[4]               ; clock_50mhz ; clock_50mhz ; None                        ; None                      ; 2.114 ns                ;
; N/A                                     ; Restricted to 420.17 MHz ( period = 2.380 ns )      ; vga:inst3|vga_score_check:score_check|in_score_state ; vga:inst3|vga_read:read_and_output|in_score_buf      ; clock_50mhz ; clock_50mhz ; None                        ; None                      ; 2.135 ns                ;
; N/A                                     ; Restricted to 420.17 MHz ( period = 2.380 ns )      ; vga:inst3|vga_counter:counter|pos_y[3]               ; vga:inst3|vga_counter:counter|pos_y[1]               ; clock_50mhz ; clock_50mhz ; None                        ; None                      ; 2.106 ns                ;
; N/A                                     ; Restricted to 420.17 MHz ( period = 2.380 ns )      ; vga:inst3|vga_counter:counter|pos_y[1]               ; vga:inst3|vga_counter:counter|pos_y[0]               ; clock_50mhz ; clock_50mhz ; None                        ; None                      ; 2.098 ns                ;
; N/A                                     ; Restricted to 420.17 MHz ( period = 2.380 ns )      ; vga:inst3|vga_counter:counter|pos_y[7]               ; vga:inst3|vga_counter:counter|pos_y[1]               ; clock_50mhz ; clock_50mhz ; None                        ; None                      ; 2.096 ns                ;
; N/A                                     ; Restricted to 420.17 MHz ( period = 2.380 ns )      ; vga:inst3|vga_counter:counter|pos_y[7]               ; vga:inst3|vga_counter:counter|pos_y[9]               ; clock_50mhz ; clock_50mhz ; None                        ; None                      ; 2.095 ns                ;
; N/A                                     ; Restricted to 420.17 MHz ( period = 2.380 ns )      ; vga:inst3|vga_counter:counter|pos_y[3]               ; vga:inst3|vga_counter:counter|pos_y[2]               ; clock_50mhz ; clock_50mhz ; None                        ; None                      ; 2.090 ns                ;
; N/A                                     ; Restricted to 420.17 MHz ( period = 2.380 ns )      ; vga:inst3|vga_counter:counter|pos_x[1]               ; vga:inst3|vga_counter:counter|pos_y[0]               ; clock_50mhz ; clock_50mhz ; None                        ; None                      ; 2.084 ns                ;
; N/A                                     ; Restricted to 420.17 MHz ( period = 2.380 ns )      ; vga:inst3|vga_counter:counter|pos_x[1]               ; vga:inst3|vga_counter:counter|pos_y[7]               ; clock_50mhz ; clock_50mhz ; None                        ; None                      ; 2.084 ns                ;
; N/A                                     ; Restricted to 420.17 MHz ( period = 2.380 ns )      ; vga:inst3|vga_counter:counter|pos_x[1]               ; vga:inst3|vga_counter:counter|pos_y[1]               ; clock_50mhz ; clock_50mhz ; None                        ; None                      ; 2.084 ns                ;
; N/A                                     ; Restricted to 420.17 MHz ( period = 2.380 ns )      ; vga:inst3|vga_counter:counter|pos_x[1]               ; vga:inst3|vga_counter:counter|pos_y[3]               ; clock_50mhz ; clock_50mhz ; None                        ; None                      ; 2.084 ns                ;
; N/A                                     ; Restricted to 420.17 MHz ( period = 2.380 ns )      ; vga:inst3|vga_counter:counter|pos_x[1]               ; vga:inst3|vga_counter:counter|pos_y[8]               ; clock_50mhz ; clock_50mhz ; None                        ; None                      ; 2.084 ns                ;
; N/A                                     ; Restricted to 420.17 MHz ( period = 2.380 ns )      ; vga:inst3|vga_counter:counter|pos_x[1]               ; vga:inst3|vga_counter:counter|pos_y[6]               ; clock_50mhz ; clock_50mhz ; None                        ; None                      ; 2.084 ns                ;
; N/A                                     ; Restricted to 420.17 MHz ( period = 2.380 ns )      ; vga:inst3|vga_counter:counter|pos_x[1]               ; vga:inst3|vga_counter:counter|pos_y[5]               ; clock_50mhz ; clock_50mhz ; None                        ; None                      ; 2.084 ns                ;
; N/A                                     ; Restricted to 420.17 MHz ( period = 2.380 ns )      ; vga:inst3|vga_counter:counter|pos_x[1]               ; vga:inst3|vga_counter:counter|pos_y[9]               ; clock_50mhz ; clock_50mhz ; None                        ; None                      ; 2.084 ns                ;
; N/A                                     ; Restricted to 420.17 MHz ( period = 2.380 ns )      ; vga:inst3|vga_counter:counter|pos_y[6]               ; vga:inst3|vga_counter:counter|pos_y[0]               ; clock_50mhz ; clock_50mhz ; None                        ; None                      ; 2.081 ns                ;
; N/A                                     ; Restricted to 420.17 MHz ( period = 2.380 ns )      ; vga:inst3|vga_counter:counter|pos_y[6]               ; vga:inst3|vga_counter:counter|pos_y[1]               ; clock_50mhz ; clock_50mhz ; None                        ; None                      ; 2.081 ns                ;
; N/A                                     ; Restricted to 420.17 MHz ( period = 2.380 ns )      ; vga:inst3|vga_counter:counter|pos_y[5]               ; vga:inst3|vga_field_check:field_check|in_field_state ; clock_50mhz ; clock_50mhz ; None                        ; None                      ; 2.081 ns                ;
; N/A                                     ; Restricted to 420.17 MHz ( period = 2.380 ns )      ; vga:inst3|vga_counter:counter|pos_y[1]               ; vga:inst3|vga_counter:counter|pos_y[2]               ; clock_50mhz ; clock_50mhz ; None                        ; None                      ; 2.076 ns                ;
; N/A                                     ; Restricted to 420.17 MHz ( period = 2.380 ns )      ; vga:inst3|vga_counter:counter|pos_x[6]               ; vga:inst3|vga_counter:counter|pos_y[2]               ; clock_50mhz ; clock_50mhz ; None                        ; None                      ; 2.073 ns                ;
; N/A                                     ; Restricted to 420.17 MHz ( period = 2.380 ns )      ; vga:inst3|vga_counter:counter|pos_y[3]               ; vga:inst3|vga_counter:counter|pos_y[9]               ; clock_50mhz ; clock_50mhz ; None                        ; None                      ; 2.076 ns                ;
; N/A                                     ; Restricted to 420.17 MHz ( period = 2.380 ns )      ; vga:inst3|vga_counter:counter|pos_x[6]               ; vga:inst3|vga_counter:counter|pos_y[4]               ; clock_50mhz ; clock_50mhz ; None                        ; None                      ; 2.072 ns                ;
; N/A                                     ; Restricted to 420.17 MHz ( period = 2.380 ns )      ; vga:inst3|vga_counter:counter|pos_y[0]               ; vga:inst3|vga_counter:counter|pos_y[0]               ; clock_50mhz ; clock_50mhz ; None                        ; None                      ; 2.067 ns                ;
; N/A                                     ; Restricted to 420.17 MHz ( period = 2.380 ns )      ; vga:inst3|vga_counter:counter|pos_y[6]               ; vga:inst3|vga_counter:counter|pos_y[2]               ; clock_50mhz ; clock_50mhz ; None                        ; None                      ; 2.064 ns                ;
; N/A                                     ; Restricted to 420.17 MHz ( period = 2.380 ns )      ; vga:inst3|vga_counter:counter|pos_x[0]               ; vga:inst3|vga_counter:counter|pos_x[6]               ; clock_50mhz ; clock_50mhz ; None                        ; None                      ; 2.042 ns                ;
; N/A                                     ; Restricted to 420.17 MHz ( period = 2.380 ns )      ; vga:inst3|vga_counter:counter|pos_y[2]               ; vga:inst3|vga_counter:counter|pos_y[4]               ; clock_50mhz ; clock_50mhz ; None                        ; None                      ; 2.043 ns                ;
; N/A                                     ; Restricted to 420.17 MHz ( period = 2.380 ns )      ; vga:inst3|vga_counter:counter|pos_y[5]               ; vga:inst3|vga_counter:counter|pos_y[4]               ; clock_50mhz ; clock_50mhz ; None                        ; None                      ; 2.019 ns                ;
; N/A                                     ; Restricted to 420.17 MHz ( period = 2.380 ns )      ; vga:inst3|vga_counter:counter|pos_y[6]               ; vga:inst3|vga_score_check:score_check|in_score_state ; clock_50mhz ; clock_50mhz ; None                        ; None                      ; 2.010 ns                ;
; N/A                                     ; Restricted to 420.17 MHz ( period = 2.380 ns )      ; vga:inst3|vga_counter:counter|pos_x[1]               ; vga:inst3|vga_counter:counter|pos_x[7]               ; clock_50mhz ; clock_50mhz ; None                        ; None                      ; 2.006 ns                ;
; N/A                                     ; Restricted to 420.17 MHz ( period = 2.380 ns )      ; vga:inst3|vga_counter:counter|pos_y[0]               ; vga:inst3|vga_counter:counter|pos_y[4]               ; clock_50mhz ; clock_50mhz ; None                        ; None                      ; 2.006 ns                ;
; N/A                                     ; Restricted to 420.17 MHz ( period = 2.380 ns )      ; vga:inst3|vga_counter:counter|pos_y[4]               ; vga:inst3|vga_field_check:field_check|in_field_state ; clock_50mhz ; clock_50mhz ; None                        ; None                      ; 1.993 ns                ;
; N/A                                     ; Restricted to 420.17 MHz ( period = 2.380 ns )      ; vga:inst3|vga_counter:counter|pos_y[5]               ; vga:inst3|vga_counter:counter|pos_y[0]               ; clock_50mhz ; clock_50mhz ; None                        ; None                      ; 1.986 ns                ;
; N/A                                     ; Restricted to 420.17 MHz ( period = 2.380 ns )      ; vga:inst3|vga_counter:counter|pos_y[5]               ; vga:inst3|vga_counter:counter|pos_y[1]               ; clock_50mhz ; clock_50mhz ; None                        ; None                      ; 1.986 ns                ;
; N/A                                     ; Restricted to 420.17 MHz ( period = 2.380 ns )      ; vga:inst3|vga_counter:counter|pos_x[6]               ; vga:inst3|vga_score_check:score_check|in_score_state ; clock_50mhz ; clock_50mhz ; None                        ; None                      ; 1.972 ns                ;
; N/A                                     ; Restricted to 420.17 MHz ( period = 2.380 ns )      ; vga:inst3|vga_counter:counter|pos_y[5]               ; vga:inst3|vga_counter:counter|pos_y[2]               ; clock_50mhz ; clock_50mhz ; None                        ; None                      ; 1.969 ns                ;
; N/A                                     ; Restricted to 420.17 MHz ( period = 2.380 ns )      ; vga:inst3|vga_counter:counter|pos_x[0]               ; vga:inst3|vga_counter:counter|pos_x[3]               ; clock_50mhz ; clock_50mhz ; None                        ; None                      ; 1.970 ns                ;
; N/A                                     ; Restricted to 420.17 MHz ( period = 2.380 ns )      ; vga:inst3|vga_counter:counter|pos_y[4]               ; vga:inst3|vga_counter:counter|pos_y[4]               ; clock_50mhz ; clock_50mhz ; None                        ; None                      ; 1.968 ns                ;
; N/A                                     ; Restricted to 420.17 MHz ( period = 2.380 ns )      ; vga:inst3|vga_counter:counter|pos_y[3]               ; vga:inst3|vga_counter:counter|pos_y[0]               ; clock_50mhz ; clock_50mhz ; None                        ; None                      ; 1.964 ns                ;
; N/A                                     ; Restricted to 420.17 MHz ( period = 2.380 ns )      ; vga:inst3|vga_counter:counter|pos_y[7]               ; vga:inst3|vga_counter:counter|pos_y[4]               ; clock_50mhz ; clock_50mhz ; None                        ; None                      ; 1.959 ns                ;
; N/A                                     ; Restricted to 420.17 MHz ( period = 2.380 ns )      ; vga:inst3|vga_counter:counter|pos_y[6]               ; vga:inst3|vga_field_check:field_check|in_field_state ; clock_50mhz ; clock_50mhz ; None                        ; None                      ; 1.952 ns                ;
; N/A                                     ; Restricted to 420.17 MHz ( period = 2.380 ns )      ; vga:inst3|vga_counter:counter|pos_x[1]               ; vga:inst3|vga_counter:counter|pos_x[6]               ; clock_50mhz ; clock_50mhz ; None                        ; None                      ; 1.934 ns                ;
; N/A                                     ; Restricted to 420.17 MHz ( period = 2.380 ns )      ; vga:inst3|vga_counter:counter|pos_y[1]               ; vga:inst3|vga_counter:counter|pos_y[4]               ; clock_50mhz ; clock_50mhz ; None                        ; None                      ; 1.935 ns                ;
; N/A                                     ; Restricted to 420.17 MHz ( period = 2.380 ns )      ; vga:inst3|vga_counter:counter|pos_x[6]               ; vga:inst3|vga_counter:counter|pos_y[0]               ; clock_50mhz ; clock_50mhz ; None                        ; None                      ; 1.931 ns                ;
; N/A                                     ; Restricted to 420.17 MHz ( period = 2.380 ns )      ; vga:inst3|vga_counter:counter|pos_x[6]               ; vga:inst3|vga_counter:counter|pos_y[7]               ; clock_50mhz ; clock_50mhz ; None                        ; None                      ; 1.931 ns                ;
; N/A                                     ; Restricted to 420.17 MHz ( period = 2.380 ns )      ; vga:inst3|vga_counter:counter|pos_x[6]               ; vga:inst3|vga_counter:counter|pos_y[1]               ; clock_50mhz ; clock_50mhz ; None                        ; None                      ; 1.931 ns                ;
; N/A                                     ; Restricted to 420.17 MHz ( period = 2.380 ns )      ; vga:inst3|vga_counter:counter|pos_x[6]               ; vga:inst3|vga_counter:counter|pos_y[3]               ; clock_50mhz ; clock_50mhz ; None                        ; None                      ; 1.931 ns                ;
; N/A                                     ; Restricted to 420.17 MHz ( period = 2.380 ns )      ; vga:inst3|vga_counter:counter|pos_x[6]               ; vga:inst3|vga_counter:counter|pos_y[8]               ; clock_50mhz ; clock_50mhz ; None                        ; None                      ; 1.931 ns                ;
; N/A                                     ; Restricted to 420.17 MHz ( period = 2.380 ns )      ; vga:inst3|vga_counter:counter|pos_x[6]               ; vga:inst3|vga_counter:counter|pos_y[6]               ; clock_50mhz ; clock_50mhz ; None                        ; None                      ; 1.931 ns                ;
; N/A                                     ; Restricted to 420.17 MHz ( period = 2.380 ns )      ; vga:inst3|vga_counter:counter|pos_x[6]               ; vga:inst3|vga_counter:counter|pos_y[5]               ; clock_50mhz ; clock_50mhz ; None                        ; None                      ; 1.931 ns                ;
; N/A                                     ; Restricted to 420.17 MHz ( period = 2.380 ns )      ; vga:inst3|vga_counter:counter|pos_x[6]               ; vga:inst3|vga_counter:counter|pos_y[9]               ; clock_50mhz ; clock_50mhz ; None                        ; None                      ; 1.931 ns                ;
; N/A                                     ; Restricted to 420.17 MHz ( period = 2.380 ns )      ; vga:inst3|vga_counter:counter|pos_x[5]               ; vga:inst3|vga_np_check:np_check|in_np_state          ; clock_50mhz ; clock_50mhz ; None                        ; None                      ; 1.929 ns                ;
; N/A                                     ; Restricted to 420.17 MHz ( period = 2.380 ns )      ; vga:inst3|vga_counter:counter|pos_y[9]               ; vga:inst3|vga_field_check:field_check|in_field_state ; clock_50mhz ; clock_50mhz ; None                        ; None                      ; 1.927 ns                ;
; N/A                                     ; Restricted to 420.17 MHz ( period = 2.380 ns )      ; vga:inst3|vga_counter:counter|pos_y[1]               ; vga:inst3|vga_counter:counter|pos_y[1]               ; clock_50mhz ; clock_50mhz ; None                        ; None                      ; 1.923 ns                ;
; N/A                                     ; Restricted to 420.17 MHz ( period = 2.380 ns )      ; vga:inst3|vga_counter:counter|pos_x[3]               ; vga:inst3|vga_counter:counter|pos_x[3]               ; clock_50mhz ; clock_50mhz ; None                        ; None                      ; 1.905 ns                ;
; N/A                                     ; Restricted to 420.17 MHz ( period = 2.380 ns )      ; vga:inst3|vga_counter:counter|pos_x[2]               ; vga:inst3|vga_np_check:np_check|in_np_state          ; clock_50mhz ; clock_50mhz ; None                        ; None                      ; 1.895 ns                ;
; N/A                                     ; Restricted to 420.17 MHz ( period = 2.380 ns )      ; vga:inst3|vga_counter:counter|pos_y[9]               ; vga:inst3|vga_counter:counter|pos_y[4]               ; clock_50mhz ; clock_50mhz ; None                        ; None                      ; 1.882 ns                ;
; N/A                                     ; Restricted to 420.17 MHz ( period = 2.380 ns )      ; vga:inst3|vga_counter:counter|pos_x[4]               ; vga:inst3|vga_counter:counter|pos_x[3]               ; clock_50mhz ; clock_50mhz ; None                        ; None                      ; 1.872 ns                ;
; N/A                                     ; Restricted to 420.17 MHz ( period = 2.380 ns )      ; vga:inst3|vga_counter:counter|pos_x[1]               ; vga:inst3|vga_counter:counter|pos_x[3]               ; clock_50mhz ; clock_50mhz ; None                        ; None                      ; 1.862 ns                ;
; N/A                                     ; Restricted to 420.17 MHz ( period = 2.380 ns )      ; vga:inst3|vga_counter:counter|pos_x[2]               ; vga:inst3|vga_counter:counter|pos_x[3]               ; clock_50mhz ; clock_50mhz ; None                        ; None                      ; 1.851 ns                ;
; N/A                                     ; Restricted to 420.17 MHz ( period = 2.380 ns )      ; vga:inst3|vga_counter:counter|pos_x[3]               ; vga:inst3|vga_counter:counter|pos_x[7]               ; clock_50mhz ; clock_50mhz ; None                        ; None                      ; 1.849 ns                ;
; N/A                                     ; Restricted to 420.17 MHz ( period = 2.380 ns )      ; vga:inst3|vga_counter:counter|pos_y[9]               ; vga:inst3|vga_counter:counter|pos_y[0]               ; clock_50mhz ; clock_50mhz ; None                        ; None                      ; 1.849 ns                ;
; N/A                                     ; Restricted to 420.17 MHz ( period = 2.380 ns )      ; vga:inst3|vga_counter:counter|pos_y[9]               ; vga:inst3|vga_counter:counter|pos_y[1]               ; clock_50mhz ; clock_50mhz ; None                        ; None                      ; 1.849 ns                ;
; N/A                                     ; Restricted to 420.17 MHz ( period = 2.380 ns )      ; vga:inst3|vga_counter:counter|pos_x[7]               ; vga:inst3|vga_field_check:field_check|in_field_state ; clock_50mhz ; clock_50mhz ; None                        ; None                      ; 1.850 ns                ;
; N/A                                     ; Restricted to 420.17 MHz ( period = 2.380 ns )      ; vga:inst3|vga_counter:counter|pos_y[7]               ; vga:inst3|vga_field_check:field_check|in_field_state ; clock_50mhz ; clock_50mhz ; None                        ; None                      ; 1.840 ns                ;
; N/A                                     ; Restricted to 420.17 MHz ( period = 2.380 ns )      ; vga:inst3|vga_counter:counter|pos_y[9]               ; vga:inst3|vga_counter:counter|pos_y[2]               ; clock_50mhz ; clock_50mhz ; None                        ; None                      ; 1.832 ns                ;
; N/A                                     ; Restricted to 420.17 MHz ( period = 2.380 ns )      ; vga:inst3|vga_counter:counter|pos_y[2]               ; vga:inst3|vga_counter:counter|pos_y[8]               ; clock_50mhz ; clock_50mhz ; None                        ; None                      ; 1.829 ns                ;
; N/A                                     ; Restricted to 420.17 MHz ( period = 2.380 ns )      ; vga:inst3|vga_counter:counter|pos_y[8]               ; vga:inst3|vga_np_check:np_check|in_np_state          ; clock_50mhz ; clock_50mhz ; None                        ; None                      ; 1.825 ns                ;
; N/A                                     ; Restricted to 420.17 MHz ( period = 2.380 ns )      ; vga:inst3|vga_counter:counter|pos_y[3]               ; vga:inst3|vga_counter:counter|pos_y[4]               ; clock_50mhz ; clock_50mhz ; None                        ; None                      ; 1.823 ns                ;
; N/A                                     ; Restricted to 420.17 MHz ( period = 2.380 ns )      ; vga:inst3|vga_counter:counter|pos_x[2]               ; vga:inst3|vga_sync:sync|h_sync_state                 ; clock_50mhz ; clock_50mhz ; None                        ; None                      ; 1.798 ns                ;
; N/A                                     ; Restricted to 420.17 MHz ( period = 2.380 ns )      ; vga:inst3|vga_counter:counter|pos_y[3]               ; vga:inst3|vga_sync:sync|v_sync_state                 ; clock_50mhz ; clock_50mhz ; None                        ; None                      ; 1.798 ns                ;
; N/A                                     ; Restricted to 420.17 MHz ( period = 2.380 ns )      ; vga:inst3|vga_counter:counter|pos_y[0]               ; vga:inst3|vga_counter:counter|pos_y[8]               ; clock_50mhz ; clock_50mhz ; None                        ; None                      ; 1.792 ns                ;
; N/A                                     ; Restricted to 420.17 MHz ( period = 2.380 ns )      ; vga:inst3|vga_counter:counter|pos_y[8]               ; vga:inst3|vga_score_check:score_check|in_score_state ; clock_50mhz ; clock_50mhz ; None                        ; None                      ; 1.793 ns                ;
; N/A                                     ; Restricted to 420.17 MHz ( period = 2.380 ns )      ; vga:inst3|vga_counter:counter|pos_x[3]               ; vga:inst3|vga_counter:counter|pos_x[6]               ; clock_50mhz ; clock_50mhz ; None                        ; None                      ; 1.777 ns                ;
; N/A                                     ; Restricted to 420.17 MHz ( period = 2.380 ns )      ; vga:inst3|vga_counter:counter|pos_x[7]               ; vga:inst3|vga_counter:counter|pos_x[3]               ; clock_50mhz ; clock_50mhz ; None                        ; None                      ; 1.776 ns                ;
; N/A                                     ; Restricted to 420.17 MHz ( period = 2.380 ns )      ; vga:inst3|vga_field_check:field_check|in_field_state ; vga:inst3|vga_read:read_and_output|in_field_buf      ; clock_50mhz ; clock_50mhz ; None                        ; None                      ; 1.795 ns                ;
; N/A                                     ; Restricted to 420.17 MHz ( period = 2.380 ns )      ; vga:inst3|vga_counter:counter|pos_x[4]               ; vga:inst3|vga_counter:counter|pos_x[7]               ; clock_50mhz ; clock_50mhz ; None                        ; None                      ; 1.772 ns                ;
; N/A                                     ; Restricted to 420.17 MHz ( period = 2.380 ns )      ; vga:inst3|vga_counter:counter|pos_y[2]               ; vga:inst3|vga_counter:counter|pos_y[7]               ; clock_50mhz ; clock_50mhz ; None                        ; None                      ; 1.758 ns                ;
; N/A                                     ; Restricted to 420.17 MHz ( period = 2.380 ns )      ; vga:inst3|vga_counter:counter|pos_x[5]               ; vga:inst3|vga_field_check:field_check|in_field_state ; clock_50mhz ; clock_50mhz ; None                        ; None                      ; 1.748 ns                ;
; N/A                                     ; Restricted to 420.17 MHz ( period = 2.380 ns )      ; vga:inst3|vga_counter:counter|pos_y[4]               ; vga:inst3|vga_sync:sync|v_sync_state                 ; clock_50mhz ; clock_50mhz ; None                        ; None                      ; 1.743 ns                ;
; N/A                                     ; Restricted to 420.17 MHz ( period = 2.380 ns )      ; vga:inst3|vga_counter:counter|pos_x[5]               ; vga:inst3|vga_counter:counter|pos_x[7]               ; clock_50mhz ; clock_50mhz ; None                        ; None                      ; 1.731 ns                ;
; N/A                                     ; Restricted to 420.17 MHz ( period = 2.380 ns )      ; vga:inst3|vga_counter:counter|pos_y[8]               ; vga:inst3|vga_sync:sync|v_sync_state                 ; clock_50mhz ; clock_50mhz ; None                        ; None                      ; 1.732 ns                ;
; N/A                                     ; Restricted to 420.17 MHz ( period = 2.380 ns )      ; vga:inst3|vga_np_check:np_check|in_np_state          ; vga:inst3|vga_read:read_and_output|in_np_buf         ; clock_50mhz ; clock_50mhz ; None                        ; None                      ; 1.750 ns                ;
; N/A                                     ; Restricted to 420.17 MHz ( period = 2.380 ns )      ; vga:inst3|vga_counter:counter|pos_y[0]               ; vga:inst3|vga_counter:counter|pos_y[7]               ; clock_50mhz ; clock_50mhz ; None                        ; None                      ; 1.721 ns                ;
; N/A                                     ; Restricted to 420.17 MHz ( period = 2.380 ns )      ; vga:inst3|vga_counter:counter|pos_y[1]               ; vga:inst3|vga_counter:counter|pos_y[8]               ; clock_50mhz ; clock_50mhz ; None                        ; None                      ; 1.721 ns                ;
; N/A                                     ; Restricted to 420.17 MHz ( period = 2.380 ns )      ; vga:inst3|vga_counter:counter|pos_x[4]               ; vga:inst3|vga_counter:counter|pos_x[6]               ; clock_50mhz ; clock_50mhz ; None                        ; None                      ; 1.700 ns                ;
; N/A                                     ; Restricted to 420.17 MHz ( period = 2.380 ns )      ; vga:inst3|vga_counter:counter|pos_x[6]               ; vga:inst3|vga_field_check:field_check|in_field_state ; clock_50mhz ; clock_50mhz ; None                        ; None                      ; 1.696 ns                ;
; N/A                                     ; Restricted to 420.17 MHz ( period = 2.380 ns )      ; vga:inst3|vga_counter:counter|pos_y[8]               ; vga:inst3|vga_field_check:field_check|in_field_state ; clock_50mhz ; clock_50mhz ; None                        ; None                      ; 1.692 ns                ;
; N/A                                     ; Restricted to 420.17 MHz ( period = 2.380 ns )      ; vga:inst3|vga_counter:counter|pos_y[5]               ; vga:inst3|vga_sync:sync|v_sync_state                 ; clock_50mhz ; clock_50mhz ; None                        ; None                      ; 1.691 ns                ;
; N/A                                     ; Restricted to 420.17 MHz ( period = 2.380 ns )      ; vga:inst3|vga_counter:counter|pos_y[2]               ; vga:inst3|vga_counter:counter|pos_y[6]               ; clock_50mhz ; clock_50mhz ; None                        ; None                      ; 1.687 ns                ;
; N/A                                     ; Restricted to 420.17 MHz ( period = 2.380 ns )      ; vga:inst3|vga_counter:counter|pos_y[4]               ; vga:inst3|vga_counter:counter|pos_y[8]               ; clock_50mhz ; clock_50mhz ; None                        ; None                      ; 1.681 ns                ;
; N/A                                     ; Restricted to 420.17 MHz ( period = 2.380 ns )      ; vga:inst3|vga_sync:sync|v_sync_state                 ; vga:inst3|vga_read:read_and_output|v_sync_buf        ; clock_50mhz ; clock_50mhz ; None                        ; None                      ; 1.686 ns                ;
; N/A                                     ; Restricted to 420.17 MHz ( period = 2.380 ns )      ; vga:inst3|vga_counter:counter|pos_y[9]               ; vga:inst3|vga_score_check:score_check|in_score_state ; clock_50mhz ; clock_50mhz ; None                        ; None                      ; 1.673 ns                ;
; N/A                                     ; Restricted to 420.17 MHz ( period = 2.380 ns )      ; vga:inst3|vga_counter:counter|pos_x[7]               ; vga:inst3|vga_sync:sync|h_sync_state                 ; clock_50mhz ; clock_50mhz ; None                        ; None                      ; 1.673 ns                ;
; N/A                                     ; Restricted to 420.17 MHz ( period = 2.380 ns )      ; vga:inst3|vga_counter:counter|pos_y[7]               ; vga:inst3|vga_np_check:np_check|in_np_state          ; clock_50mhz ; clock_50mhz ; None                        ; None                      ; 1.663 ns                ;
; N/A                                     ; Restricted to 420.17 MHz ( period = 2.380 ns )      ; vga:inst3|vga_counter:counter|pos_x[5]               ; vga:inst3|vga_counter:counter|pos_x[6]               ; clock_50mhz ; clock_50mhz ; None                        ; None                      ; 1.659 ns                ;
; N/A                                     ; Restricted to 420.17 MHz ( period = 2.380 ns )      ; vga:inst3|vga_counter:counter|pos_x[5]               ; vga:inst3|vga_counter:counter|pos_x[3]               ; clock_50mhz ; clock_50mhz ; None                        ; None                      ; 1.654 ns                ;
; N/A                                     ; Restricted to 420.17 MHz ( period = 2.380 ns )      ; vga:inst3|vga_counter:counter|pos_y[1]               ; vga:inst3|vga_counter:counter|pos_y[7]               ; clock_50mhz ; clock_50mhz ; None                        ; None                      ; 1.650 ns                ;
; N/A                                     ; Restricted to 420.17 MHz ( period = 2.380 ns )      ; vga:inst3|vga_counter:counter|pos_y[0]               ; vga:inst3|vga_counter:counter|pos_y[6]               ; clock_50mhz ; clock_50mhz ; None                        ; None                      ; 1.650 ns                ;
; N/A                                     ; Restricted to 420.17 MHz ( period = 2.380 ns )      ; gen6mhz:inst1|count[0]                               ; gen6mhz:inst1|count[2]                               ; clock_50mhz ; clock_50mhz ; None                        ; None                      ; 0.816 ns                ;
; N/A                                     ; Restricted to 420.17 MHz ( period = 2.380 ns )      ; vga:inst3|vga_counter:counter|pos_x[6]               ; vga:inst3|vga_counter:counter|pos_x[7]               ; clock_50mhz ; clock_50mhz ; None                        ; None                      ; 1.622 ns                ;
; N/A                                     ; Restricted to 420.17 MHz ( period = 2.380 ns )      ; vga:inst3|vga_counter:counter|pos_y[4]               ; vga:inst3|vga_counter:counter|pos_y[7]               ; clock_50mhz ; clock_50mhz ; None                        ; None                      ; 1.610 ns                ;
; N/A                                     ; Restricted to 420.17 MHz ( period = 2.380 ns )      ; vga:inst3|vga_counter:counter|pos_x[3]               ; vga:inst3|vga_sync:sync|h_sync_state                 ; clock_50mhz ; clock_50mhz ; None                        ; None                      ; 1.612 ns                ;
; N/A                                     ; Restricted to 420.17 MHz ( period = 2.380 ns )      ; vga:inst3|vga_counter:counter|pos_y[3]               ; vga:inst3|vga_counter:counter|pos_y[8]               ; clock_50mhz ; clock_50mhz ; None                        ; None                      ; 1.609 ns                ;
; N/A                                     ; Restricted to 420.17 MHz ( period = 2.380 ns )      ; vga:inst3|vga_counter:counter|pos_x[7]               ; vga:inst3|vga_counter:counter|pos_x[7]               ; clock_50mhz ; clock_50mhz ; None                        ; None                      ; 1.604 ns                ;
; Timing analysis restricted to 200 rows. ; To change the limit use Settings (Assignments menu) ;                                                      ;                                                      ;             ;             ;                             ;                           ;                         ;
+-----------------------------------------+-----------------------------------------------------+------------------------------------------------------+------------------------------------------------------+-------------+-------------+-----------------------------+---------------------------+-------------------------+


+-------------------------------------------------------------------------------------------------------------+
; tco                                                                                                         ;
+-------+--------------+------------+-----------------------------------------------+-----------+-------------+
; Slack ; Required tco ; Actual tco ; From                                          ; To        ; From Clock  ;
+-------+--------------+------------+-----------------------------------------------+-----------+-------------+
; N/A   ; None         ; 10.640 ns  ; vga:inst3|vga_read:read_and_output|h_sync_out ; vga_hsync ; clock_50mhz ;
; N/A   ; None         ; 9.947 ns   ; vga:inst3|vga_read:read_and_output|red_out    ; vga_r[0]  ; clock_50mhz ;
; N/A   ; None         ; 9.927 ns   ; vga:inst3|vga_read:read_and_output|red_out    ; vga_r[1]  ; clock_50mhz ;
; N/A   ; None         ; 9.927 ns   ; vga:inst3|vga_read:read_and_output|red_out    ; vga_r[2]  ; clock_50mhz ;
; N/A   ; None         ; 9.922 ns   ; vga:inst3|vga_read:read_and_output|red_out    ; vga_r[3]  ; clock_50mhz ;
; N/A   ; None         ; 9.922 ns   ; vga:inst3|vga_read:read_and_output|red_out    ; vga_r[4]  ; clock_50mhz ;
; N/A   ; None         ; 9.700 ns   ; vga:inst3|vga_read:read_and_output|red_out    ; vga_r[5]  ; clock_50mhz ;
; N/A   ; None         ; 9.699 ns   ; vga:inst3|vga_read:read_and_output|red_out    ; vga_g[0]  ; clock_50mhz ;
; N/A   ; None         ; 9.699 ns   ; vga:inst3|vga_read:read_and_output|red_out    ; vga_g[1]  ; clock_50mhz ;
; N/A   ; None         ; 9.687 ns   ; vga:inst3|vga_read:read_and_output|red_out    ; vga_r[7]  ; clock_50mhz ;
; N/A   ; None         ; 9.677 ns   ; vga:inst3|vga_read:read_and_output|red_out    ; vga_r[6]  ; clock_50mhz ;
; N/A   ; None         ; 9.669 ns   ; vga:inst3|vga_read:read_and_output|red_out    ; vga_r[8]  ; clock_50mhz ;
; N/A   ; None         ; 9.669 ns   ; vga:inst3|vga_read:read_and_output|red_out    ; vga_r[9]  ; clock_50mhz ;
; N/A   ; None         ; 9.453 ns   ; vga:inst3|vga_read:read_and_output|red_out    ; vga_g[4]  ; clock_50mhz ;
; N/A   ; None         ; 9.453 ns   ; vga:inst3|vga_read:read_and_output|red_out    ; vga_g[5]  ; clock_50mhz ;
; N/A   ; None         ; 9.437 ns   ; vga:inst3|vga_read:read_and_output|red_out    ; vga_g[2]  ; clock_50mhz ;
; N/A   ; None         ; 9.437 ns   ; vga:inst3|vga_read:read_and_output|red_out    ; vga_g[3]  ; clock_50mhz ;
; N/A   ; None         ; 9.433 ns   ; vga:inst3|vga_read:read_and_output|red_out    ; vga_g[7]  ; clock_50mhz ;
; N/A   ; None         ; 9.430 ns   ; vga:inst3|vga_read:read_and_output|red_out    ; vga_g[8]  ; clock_50mhz ;
; N/A   ; None         ; 9.430 ns   ; vga:inst3|vga_read:read_and_output|red_out    ; vga_g[9]  ; clock_50mhz ;
; N/A   ; None         ; 9.413 ns   ; vga:inst3|vga_read:read_and_output|red_out    ; vga_g[6]  ; clock_50mhz ;
; N/A   ; None         ; 9.217 ns   ; vga:inst3|vga_read:read_and_output|red_out    ; vga_b[4]  ; clock_50mhz ;
; N/A   ; None         ; 9.207 ns   ; vga:inst3|vga_read:read_and_output|red_out    ; vga_b[5]  ; clock_50mhz ;
; N/A   ; None         ; 9.178 ns   ; vga:inst3|vga_read:read_and_output|red_out    ; vga_b[0]  ; clock_50mhz ;
; N/A   ; None         ; 9.178 ns   ; vga:inst3|vga_read:read_and_output|red_out    ; vga_b[1]  ; clock_50mhz ;
; N/A   ; None         ; 9.157 ns   ; vga:inst3|vga_read:read_and_output|red_out    ; vga_b[2]  ; clock_50mhz ;
; N/A   ; None         ; 9.147 ns   ; vga:inst3|vga_read:read_and_output|red_out    ; vga_b[3]  ; clock_50mhz ;
; N/A   ; None         ; 9.124 ns   ; vga:inst3|vga_read:read_and_output|v_sync_out ; vga_vsync ; clock_50mhz ;
; N/A   ; None         ; 8.934 ns   ; vga:inst3|vga_read:read_and_output|red_out    ; vga_b[6]  ; clock_50mhz ;
; N/A   ; None         ; 8.934 ns   ; vga:inst3|vga_read:read_and_output|red_out    ; vga_b[7]  ; clock_50mhz ;
; N/A   ; None         ; 8.924 ns   ; vga:inst3|vga_read:read_and_output|red_out    ; vga_b[8]  ; clock_50mhz ;
; N/A   ; None         ; 8.924 ns   ; vga:inst3|vga_read:read_and_output|red_out    ; vga_b[9]  ; clock_50mhz ;
; N/A   ; None         ; 7.302 ns   ; gen6mhz:inst1|count[2]                        ; vga_clk   ; clock_50mhz ;
+-------+--------------+------------+-----------------------------------------------+-----------+-------------+


+--------------------------+
; Timing Analyzer Messages ;
+--------------------------+
Info: *******************************************************************
Info: Running Quartus II Classic Timing Analyzer
    Info: Version 10.0 Build 262 08/18/2010 Service Pack 1 SJ Full Version
    Info: Processing started: Tue Dec  3 21:14:54 2013
Info: Command: quartus_tan --read_settings_files=off --write_settings_files=off de2 -c top_de2 --timing_analysis_only
Warning: Classic Timing Analyzer will not be available in a future release of the Quartus II software. Use the TimeQuest Timing Analyzer to run timing analysis on your design. Convert all the project settings and the timing constraints to TimeQuest Timing Analyzer equivalents.
Info: Parallel compilation is enabled and will use 8 of the 8 processors detected
Warning: Found pins functioning as undefined clocks and/or memory enables
    Info: Assuming node "clock_50mhz" is an undefined clock
Warning: Found 1 node(s) in clock paths which may be acting as ripple and/or gated clocks -- node(s) analyzed as buffer(s) resulting in clock skew
    Info: Detected ripple clock "gen6mhz:inst1|count[2]" as buffer
Info: Clock "clock_50mhz" has Internal fmax of 352.36 MHz between source register "vga:inst3|vga_counter:counter|pos_x[2]" and destination register "vga:inst3|vga_counter:counter|pos_y[2]" (period= 2.838 ns)
    Info: + Longest register to register delay is 2.621 ns
        Info: 1: + IC(0.000 ns) + CELL(0.000 ns) = 0.000 ns; Loc. = LCFF_X23_Y9_N19; Fanout = 6; REG Node = 'vga:inst3|vga_counter:counter|pos_x[2]'
        Info: 2: + IC(0.756 ns) + CELL(0.410 ns) = 1.166 ns; Loc. = LCCOMB_X22_Y9_N2; Fanout = 4; COMB Node = 'vga:inst3|vga_counter:counter|Equal0~1'
        Info: 3: + IC(0.256 ns) + CELL(0.150 ns) = 1.572 ns; Loc. = LCCOMB_X22_Y9_N30; Fanout = 10; COMB Node = 'vga:inst3|vga_counter:counter|Equal0~2'
        Info: 4: + IC(0.389 ns) + CELL(0.660 ns) = 2.621 ns; Loc. = LCFF_X21_Y9_N17; Fanout = 4; REG Node = 'vga:inst3|vga_counter:counter|pos_y[2]'
        Info: Total cell delay = 1.220 ns ( 46.55 % )
        Info: Total interconnect delay = 1.401 ns ( 53.45 % )
    Info: - Smallest clock skew is -0.003 ns
        Info: + Shortest clock path from clock "clock_50mhz" to destination register is 4.294 ns
            Info: 1: + IC(0.000 ns) + CELL(0.999 ns) = 0.999 ns; Loc. = PIN_N2; Fanout = 2; CLK Node = 'clock_50mhz'
            Info: 2: + IC(0.331 ns) + CELL(0.787 ns) = 2.117 ns; Loc. = LCFF_X1_Y18_N21; Fanout = 3; REG Node = 'gen6mhz:inst1|count[2]'
            Info: 3: + IC(0.633 ns) + CELL(0.000 ns) = 2.750 ns; Loc. = CLKCTRL_G0; Fanout = 31; COMB Node = 'gen6mhz:inst1|count[2]~clkctrl'
            Info: 4: + IC(1.007 ns) + CELL(0.537 ns) = 4.294 ns; Loc. = LCFF_X21_Y9_N17; Fanout = 4; REG Node = 'vga:inst3|vga_counter:counter|pos_y[2]'
            Info: Total cell delay = 2.323 ns ( 54.10 % )
            Info: Total interconnect delay = 1.971 ns ( 45.90 % )
        Info: - Longest clock path from clock "clock_50mhz" to source register is 4.297 ns
            Info: 1: + IC(0.000 ns) + CELL(0.999 ns) = 0.999 ns; Loc. = PIN_N2; Fanout = 2; CLK Node = 'clock_50mhz'
            Info: 2: + IC(0.331 ns) + CELL(0.787 ns) = 2.117 ns; Loc. = LCFF_X1_Y18_N21; Fanout = 3; REG Node = 'gen6mhz:inst1|count[2]'
            Info: 3: + IC(0.633 ns) + CELL(0.000 ns) = 2.750 ns; Loc. = CLKCTRL_G0; Fanout = 31; COMB Node = 'gen6mhz:inst1|count[2]~clkctrl'
            Info: 4: + IC(1.010 ns) + CELL(0.537 ns) = 4.297 ns; Loc. = LCFF_X23_Y9_N19; Fanout = 6; REG Node = 'vga:inst3|vga_counter:counter|pos_x[2]'
            Info: Total cell delay = 2.323 ns ( 54.06 % )
            Info: Total interconnect delay = 1.974 ns ( 45.94 % )
    Info: + Micro clock to output delay of source is 0.250 ns
    Info: + Micro setup delay of destination is -0.036 ns
Info: tco from clock "clock_50mhz" to destination pin "vga_hsync" through register "vga:inst3|vga_read:read_and_output|h_sync_out" is 10.640 ns
    Info: + Longest clock path from clock "clock_50mhz" to source register is 4.299 ns
        Info: 1: + IC(0.000 ns) + CELL(0.999 ns) = 0.999 ns; Loc. = PIN_N2; Fanout = 2; CLK Node = 'clock_50mhz'
        Info: 2: + IC(0.331 ns) + CELL(0.787 ns) = 2.117 ns; Loc. = LCFF_X1_Y18_N21; Fanout = 3; REG Node = 'gen6mhz:inst1|count[2]'
        Info: 3: + IC(0.633 ns) + CELL(0.000 ns) = 2.750 ns; Loc. = CLKCTRL_G0; Fanout = 31; COMB Node = 'gen6mhz:inst1|count[2]~clkctrl'
        Info: 4: + IC(1.012 ns) + CELL(0.537 ns) = 4.299 ns; Loc. = LCFF_X25_Y9_N25; Fanout = 1; REG Node = 'vga:inst3|vga_read:read_and_output|h_sync_out'
        Info: Total cell delay = 2.323 ns ( 54.04 % )
        Info: Total interconnect delay = 1.976 ns ( 45.96 % )
    Info: + Micro clock to output delay of source is 0.250 ns
    Info: + Longest register to pin delay is 6.091 ns
        Info: 1: + IC(0.000 ns) + CELL(0.000 ns) = 0.000 ns; Loc. = LCFF_X25_Y9_N25; Fanout = 1; REG Node = 'vga:inst3|vga_read:read_and_output|h_sync_out'
        Info: 2: + IC(3.283 ns) + CELL(2.808 ns) = 6.091 ns; Loc. = PIN_A7; Fanout = 0; PIN Node = 'vga_hsync'
        Info: Total cell delay = 2.808 ns ( 46.10 % )
        Info: Total interconnect delay = 3.283 ns ( 53.90 % )
Info: Quartus II Classic Timing Analyzer was successful. 0 errors, 3 warnings
    Info: Peak virtual memory: 194 megabytes
    Info: Processing ended: Tue Dec  3 21:14:56 2013
    Info: Elapsed time: 00:00:02
    Info: Total CPU time (on all processors): 00:00:00


