Classic Timing Analyzer report for top_de2
Fri Nov 29 16:24:47 2013
Quartus II Version 10.0 Build 262 08/18/2010 Service Pack 1 SJ Full Version


---------------------
; Table of Contents ;
---------------------
  1. Legal Notice
  2. Classic Timing Analyzer Deprecation
  3. Timing Analyzer Summary
  4. Timing Analyzer Settings
  5. Clock Settings Summary
  6. Parallel Compilation
  7. Clock Setup: 'clock_50mhz'
  8. tsu
  9. tco
 10. th
 11. Timing Analyzer Messages



----------------
; Legal Notice ;
----------------
Copyright (C) 1991-2010 Altera Corporation
Your use of Altera Corporation's design tools, logic functions 
and other software and tools, and its AMPP partner logic 
functions, and any output files from any of the foregoing 
(including device programming or simulation files), and any 
associated documentation or information are expressly subject 
to the terms and conditions of the Altera Program License 
Subscription Agreement, Altera MegaCore Function License 
Agreement, or other applicable license agreement, including, 
without limitation, that your use is for the sole purpose of 
programming logic devices manufactured by Altera and sold by 
Altera or its authorized distributors.  Please refer to the 
applicable agreement for further details.



---------------------------------------
; Classic Timing Analyzer Deprecation ;
---------------------------------------
Classic Timing Analyzer will not be available in a future release of the Quartus II software. Use the TimeQuest Timing Analyzer to run timing analysis on your design. Convert all the project settings and the timing constraints to TimeQuest Timing Analyzer equivalents.


+------------------------------------------------------------------------------------------------------------------------------------------------------------------------------------------------------------------------------------------------------------------------------------------+
; Timing Analyzer Summary                                                                                                                                                                                                                                                                  ;
+------------------------------+-------+---------------+----------------------------------+-----------------------------------------------+-----------------------------------------------------------------------------------------------------+-------------+-------------+--------------+
; Type                         ; Slack ; Required Time ; Actual Time                      ; From                                          ; To                                                                                                  ; From Clock  ; To Clock    ; Failed Paths ;
+------------------------------+-------+---------------+----------------------------------+-----------------------------------------------+-----------------------------------------------------------------------------------------------------+-------------+-------------+--------------+
; Worst-case tsu               ; N/A   ; None          ; -3.328 ns                        ; rst                                           ; sr_if:inst2|sr_tower:\generate_tower:0:tower_mod|bit4:\generate_bit4:0:bit4_mod|dfr11:dfr11_7|Q_INT ; --          ; clock_50mhz ; 0            ;
; Worst-case tco               ; N/A   ; None          ; 11.638 ns                        ; vga:inst3|vga_read:read_and_output|h_sync_out ; vga_hsync                                                                                           ; clock_50mhz ; --          ; 0            ;
; Worst-case th                ; N/A   ; None          ; 3.558 ns                         ; rst                                           ; sr_if:inst2|sr_tower:\generate_tower:0:tower_mod|bit4:\generate_bit4:0:bit4_mod|dfr11:dfr11_7|Q_INT ; --          ; clock_50mhz ; 0            ;
; Clock Setup: 'clock_50mhz'   ; N/A   ; None          ; 332.89 MHz ( period = 3.004 ns ) ; vga:inst3|vga_counter:counter|pos_x[0]        ; vga:inst3|vga_counter:counter|pos_y[1]                                                              ; clock_50mhz ; clock_50mhz ; 0            ;
; Total number of failed paths ;       ;               ;                                  ;                                               ;                                                                                                     ;             ;             ; 0            ;
+------------------------------+-------+---------------+----------------------------------+-----------------------------------------------+-----------------------------------------------------------------------------------------------------+-------------+-------------+--------------+


+-----------------------------------------------------------------------------------------------------------------------------------------------------+
; Timing Analyzer Settings                                                                                                                            ;
+------------------------------------------------------------------------------------------------------+--------------------+------+----+-------------+
; Option                                                                                               ; Setting            ; From ; To ; Entity Name ;
+------------------------------------------------------------------------------------------------------+--------------------+------+----+-------------+
; Device Name                                                                                          ; EP2C35F672C6       ;      ;    ;             ;
; Timing Models                                                                                        ; Final              ;      ;    ;             ;
; Default hold multicycle                                                                              ; Same as Multicycle ;      ;    ;             ;
; Cut paths between unrelated clock domains                                                            ; On                 ;      ;    ;             ;
; Cut off read during write signal paths                                                               ; On                 ;      ;    ;             ;
; Cut off feedback from I/O pins                                                                       ; On                 ;      ;    ;             ;
; Report Combined Fast/Slow Timing                                                                     ; Off                ;      ;    ;             ;
; Ignore Clock Settings                                                                                ; Off                ;      ;    ;             ;
; Analyze latches as synchronous elements                                                              ; On                 ;      ;    ;             ;
; Enable Recovery/Removal analysis                                                                     ; Off                ;      ;    ;             ;
; Enable Clock Latency                                                                                 ; Off                ;      ;    ;             ;
; Use TimeQuest Timing Analyzer                                                                        ; Off                ;      ;    ;             ;
; Minimum Core Junction Temperature                                                                    ; 0                  ;      ;    ;             ;
; Maximum Core Junction Temperature                                                                    ; 85                 ;      ;    ;             ;
; Number of source nodes to report per destination node                                                ; 10                 ;      ;    ;             ;
; Number of destination nodes to report                                                                ; 10                 ;      ;    ;             ;
; Number of paths to report                                                                            ; 200                ;      ;    ;             ;
; Report Minimum Timing Checks                                                                         ; Off                ;      ;    ;             ;
; Use Fast Timing Models                                                                               ; Off                ;      ;    ;             ;
; Report IO Paths Separately                                                                           ; Off                ;      ;    ;             ;
; Perform Multicorner Analysis                                                                         ; On                 ;      ;    ;             ;
; Reports the worst-case path for each clock domain and analysis                                       ; Off                ;      ;    ;             ;
; Reports worst-case timing paths for each clock domain and analysis                                   ; On                 ;      ;    ;             ;
; Specifies the maximum number of worst-case timing paths to report for each clock domain and analysis ; 100                ;      ;    ;             ;
; Removes common clock path pessimism (CCPP) during slack computation                                  ; Off                ;      ;    ;             ;
+------------------------------------------------------------------------------------------------------+--------------------+------+----+-------------+


+------------------------------------------------------------------------------------------------------------------------------------------------------------------------------------+
; Clock Settings Summary                                                                                                                                                             ;
+-----------------+--------------------+----------+------------------+---------------+--------------+----------+-----------------------+---------------------+--------+--------------+
; Clock Node Name ; Clock Setting Name ; Type     ; Fmax Requirement ; Early Latency ; Late Latency ; Based on ; Multiply Base Fmax by ; Divide Base Fmax by ; Offset ; Phase offset ;
+-----------------+--------------------+----------+------------------+---------------+--------------+----------+-----------------------+---------------------+--------+--------------+
; clock_50mhz     ;                    ; User Pin ; None             ; 0.000 ns      ; 0.000 ns     ; --       ; N/A                   ; N/A                 ; N/A    ;              ;
+-----------------+--------------------+----------+------------------+---------------+--------------+----------+-----------------------+---------------------+--------+--------------+


+------------------------------------------+
; Parallel Compilation                     ;
+----------------------------+-------------+
; Processors                 ; Number      ;
+----------------------------+-------------+
; Number detected on machine ; 4           ;
; Maximum allowed            ; 4           ;
;                            ;             ;
; Average used               ; 1.00        ;
; Maximum used               ; 1           ;
;                            ;             ;
; Usage by Processor         ; % Time Used ;
;     1 processor            ; 100.0%      ;
;     2-4 processors         ;   0.0%      ;
+----------------------------+-------------+


+--------------------------------------------------------------------------------------------------------------------------------------------------------------------------------------------------------------------------------------------------------------------------------------------------------------------------------------+
; Clock Setup: 'clock_50mhz'                                                                                                                                                                                                                                                                                                           ;
+-----------------------------------------+-----------------------------------------------------+------------------------------------------------------------+---------------------------------------------------------+-------------+-------------+-----------------------------+---------------------------+-------------------------+
; Slack                                   ; Actual fmax (period)                                ; From                                                       ; To                                                      ; From Clock  ; To Clock    ; Required Setup Relationship ; Required Longest P2P Time ; Actual Longest P2P Time ;
+-----------------------------------------+-----------------------------------------------------+------------------------------------------------------------+---------------------------------------------------------+-------------+-------------+-----------------------------+---------------------------+-------------------------+
; N/A                                     ; 332.89 MHz ( period = 3.004 ns )                    ; vga:inst3|vga_counter:counter|pos_x[0]                     ; vga:inst3|vga_counter:counter|pos_y[1]                  ; clock_50mhz ; clock_50mhz ; None                        ; None                      ; 2.787 ns                ;
; N/A                                     ; 333.11 MHz ( period = 3.002 ns )                    ; vga:inst3|vga_counter:counter|pos_x[0]                     ; vga:inst3|vga_counter:counter|pos_y[3]                  ; clock_50mhz ; clock_50mhz ; None                        ; None                      ; 2.786 ns                ;
; N/A                                     ; 333.11 MHz ( period = 3.002 ns )                    ; vga:inst3|vga_counter:counter|pos_x[0]                     ; vga:inst3|vga_counter:counter|pos_y[5]                  ; clock_50mhz ; clock_50mhz ; None                        ; None                      ; 2.786 ns                ;
; N/A                                     ; 333.11 MHz ( period = 3.002 ns )                    ; vga:inst3|vga_counter:counter|pos_x[0]                     ; vga:inst3|vga_counter:counter|pos_y[7]                  ; clock_50mhz ; clock_50mhz ; None                        ; None                      ; 2.786 ns                ;
; N/A                                     ; 333.11 MHz ( period = 3.002 ns )                    ; vga:inst3|vga_counter:counter|pos_x[0]                     ; vga:inst3|vga_counter:counter|pos_y[8]                  ; clock_50mhz ; clock_50mhz ; None                        ; None                      ; 2.786 ns                ;
; N/A                                     ; 333.11 MHz ( period = 3.002 ns )                    ; vga:inst3|vga_counter:counter|pos_x[0]                     ; vga:inst3|vga_counter:counter|pos_y[9]                  ; clock_50mhz ; clock_50mhz ; None                        ; None                      ; 2.786 ns                ;
; N/A                                     ; 333.11 MHz ( period = 3.002 ns )                    ; vga:inst3|vga_counter:counter|pos_x[0]                     ; vga:inst3|vga_counter:counter|pos_y[0]                  ; clock_50mhz ; clock_50mhz ; None                        ; None                      ; 2.786 ns                ;
; N/A                                     ; 333.11 MHz ( period = 3.002 ns )                    ; vga:inst3|vga_counter:counter|pos_x[0]                     ; vga:inst3|vga_counter:counter|pos_y[6]                  ; clock_50mhz ; clock_50mhz ; None                        ; None                      ; 2.786 ns                ;
; N/A                                     ; 344.71 MHz ( period = 2.901 ns )                    ; vga:inst3|vga_trans_reset:trans_reset|counter_state[0]     ; vga:inst3|vga_trans_reset:trans_reset|mem_addr_state[7] ; clock_50mhz ; clock_50mhz ; None                        ; None                      ; 2.687 ns                ;
; N/A                                     ; 348.55 MHz ( period = 2.869 ns )                    ; vga:inst3|vga_trans_reset:trans_reset|counter_state[3]     ; vga:inst3|vga_trans_reset:trans_reset|mem_addr_state[7] ; clock_50mhz ; clock_50mhz ; None                        ; None                      ; 2.655 ns                ;
; N/A                                     ; 353.23 MHz ( period = 2.831 ns )                    ; vga:inst3|vga_trans_reset:trans_reset|counter_state[1]     ; vga:inst3|vga_trans_reset:trans_reset|mem_addr_state[7] ; clock_50mhz ; clock_50mhz ; None                        ; None                      ; 2.617 ns                ;
; N/A                                     ; 353.36 MHz ( period = 2.830 ns )                    ; vga:inst3|vga_trans_reset:trans_reset|counter_state[0]     ; vga:inst3|vga_trans_reset:trans_reset|mem_addr_state[6] ; clock_50mhz ; clock_50mhz ; None                        ; None                      ; 2.616 ns                ;
; N/A                                     ; 356.25 MHz ( period = 2.807 ns )                    ; vga:inst3|vga_counter:counter|pos_x[0]                     ; vga:inst3|vga_counter:counter|pos_y[2]                  ; clock_50mhz ; clock_50mhz ; None                        ; None                      ; 2.592 ns                ;
; N/A                                     ; 356.25 MHz ( period = 2.807 ns )                    ; vga:inst3|vga_counter:counter|pos_x[0]                     ; vga:inst3|vga_counter:counter|pos_y[4]                  ; clock_50mhz ; clock_50mhz ; None                        ; None                      ; 2.592 ns                ;
; N/A                                     ; 357.27 MHz ( period = 2.799 ns )                    ; vga:inst3|vga_trans:trans|counter_state[2]                 ; vga:inst3|vga_trans:trans|mem_addr_state[7]             ; clock_50mhz ; clock_50mhz ; None                        ; None                      ; 2.585 ns                ;
; N/A                                     ; 357.40 MHz ( period = 2.798 ns )                    ; vga:inst3|vga_trans_reset:trans_reset|counter_state[3]     ; vga:inst3|vga_trans_reset:trans_reset|mem_addr_state[6] ; clock_50mhz ; clock_50mhz ; None                        ; None                      ; 2.584 ns                ;
; N/A                                     ; 357.65 MHz ( period = 2.796 ns )                    ; vga:inst3|vga_counter:counter|pos_x[1]                     ; vga:inst3|vga_counter:counter|pos_y[1]                  ; clock_50mhz ; clock_50mhz ; None                        ; None                      ; 2.579 ns                ;
; N/A                                     ; 357.91 MHz ( period = 2.794 ns )                    ; vga:inst3|vga_counter:counter|pos_x[1]                     ; vga:inst3|vga_counter:counter|pos_y[3]                  ; clock_50mhz ; clock_50mhz ; None                        ; None                      ; 2.578 ns                ;
; N/A                                     ; 357.91 MHz ( period = 2.794 ns )                    ; vga:inst3|vga_counter:counter|pos_x[1]                     ; vga:inst3|vga_counter:counter|pos_y[5]                  ; clock_50mhz ; clock_50mhz ; None                        ; None                      ; 2.578 ns                ;
; N/A                                     ; 357.91 MHz ( period = 2.794 ns )                    ; vga:inst3|vga_counter:counter|pos_x[1]                     ; vga:inst3|vga_counter:counter|pos_y[7]                  ; clock_50mhz ; clock_50mhz ; None                        ; None                      ; 2.578 ns                ;
; N/A                                     ; 357.91 MHz ( period = 2.794 ns )                    ; vga:inst3|vga_counter:counter|pos_x[1]                     ; vga:inst3|vga_counter:counter|pos_y[8]                  ; clock_50mhz ; clock_50mhz ; None                        ; None                      ; 2.578 ns                ;
; N/A                                     ; 357.91 MHz ( period = 2.794 ns )                    ; vga:inst3|vga_counter:counter|pos_x[1]                     ; vga:inst3|vga_counter:counter|pos_y[9]                  ; clock_50mhz ; clock_50mhz ; None                        ; None                      ; 2.578 ns                ;
; N/A                                     ; 357.91 MHz ( period = 2.794 ns )                    ; vga:inst3|vga_counter:counter|pos_x[1]                     ; vga:inst3|vga_counter:counter|pos_y[0]                  ; clock_50mhz ; clock_50mhz ; None                        ; None                      ; 2.578 ns                ;
; N/A                                     ; 357.91 MHz ( period = 2.794 ns )                    ; vga:inst3|vga_counter:counter|pos_x[1]                     ; vga:inst3|vga_counter:counter|pos_y[6]                  ; clock_50mhz ; clock_50mhz ; None                        ; None                      ; 2.578 ns                ;
; N/A                                     ; 362.32 MHz ( period = 2.760 ns )                    ; vga:inst3|vga_trans_reset:trans_reset|counter_state[1]     ; vga:inst3|vga_trans_reset:trans_reset|mem_addr_state[6] ; clock_50mhz ; clock_50mhz ; None                        ; None                      ; 2.546 ns                ;
; N/A                                     ; 362.45 MHz ( period = 2.759 ns )                    ; vga:inst3|vga_trans_reset:trans_reset|counter_state[0]     ; vga:inst3|vga_trans_reset:trans_reset|mem_addr_state[5] ; clock_50mhz ; clock_50mhz ; None                        ; None                      ; 2.545 ns                ;
; N/A                                     ; 365.63 MHz ( period = 2.735 ns )                    ; vga:inst3|vga_counter:counter|pos_x[6]                     ; vga:inst3|vga_counter:counter|pos_y[1]                  ; clock_50mhz ; clock_50mhz ; None                        ; None                      ; 2.519 ns                ;
; N/A                                     ; 365.90 MHz ( period = 2.733 ns )                    ; vga:inst3|vga_counter:counter|pos_x[6]                     ; vga:inst3|vga_counter:counter|pos_y[3]                  ; clock_50mhz ; clock_50mhz ; None                        ; None                      ; 2.518 ns                ;
; N/A                                     ; 365.90 MHz ( period = 2.733 ns )                    ; vga:inst3|vga_counter:counter|pos_x[6]                     ; vga:inst3|vga_counter:counter|pos_y[5]                  ; clock_50mhz ; clock_50mhz ; None                        ; None                      ; 2.518 ns                ;
; N/A                                     ; 365.90 MHz ( period = 2.733 ns )                    ; vga:inst3|vga_counter:counter|pos_x[6]                     ; vga:inst3|vga_counter:counter|pos_y[7]                  ; clock_50mhz ; clock_50mhz ; None                        ; None                      ; 2.518 ns                ;
; N/A                                     ; 365.90 MHz ( period = 2.733 ns )                    ; vga:inst3|vga_counter:counter|pos_x[6]                     ; vga:inst3|vga_counter:counter|pos_y[8]                  ; clock_50mhz ; clock_50mhz ; None                        ; None                      ; 2.518 ns                ;
; N/A                                     ; 365.90 MHz ( period = 2.733 ns )                    ; vga:inst3|vga_counter:counter|pos_x[6]                     ; vga:inst3|vga_counter:counter|pos_y[9]                  ; clock_50mhz ; clock_50mhz ; None                        ; None                      ; 2.518 ns                ;
; N/A                                     ; 365.90 MHz ( period = 2.733 ns )                    ; vga:inst3|vga_counter:counter|pos_x[6]                     ; vga:inst3|vga_counter:counter|pos_y[0]                  ; clock_50mhz ; clock_50mhz ; None                        ; None                      ; 2.518 ns                ;
; N/A                                     ; 365.90 MHz ( period = 2.733 ns )                    ; vga:inst3|vga_counter:counter|pos_x[6]                     ; vga:inst3|vga_counter:counter|pos_y[6]                  ; clock_50mhz ; clock_50mhz ; None                        ; None                      ; 2.518 ns                ;
; N/A                                     ; 366.57 MHz ( period = 2.728 ns )                    ; vga:inst3|vga_trans:trans|counter_state[2]                 ; vga:inst3|vga_trans:trans|mem_addr_state[6]             ; clock_50mhz ; clock_50mhz ; None                        ; None                      ; 2.514 ns                ;
; N/A                                     ; 366.57 MHz ( period = 2.728 ns )                    ; vga:inst3|vga_trans_reset:trans_reset|counter_state[2]     ; vga:inst3|vga_trans_reset:trans_reset|mem_addr_state[7] ; clock_50mhz ; clock_50mhz ; None                        ; None                      ; 2.514 ns                ;
; N/A                                     ; 366.70 MHz ( period = 2.727 ns )                    ; vga:inst3|vga_trans_reset:trans_reset|counter_state[3]     ; vga:inst3|vga_trans_reset:trans_reset|mem_addr_state[5] ; clock_50mhz ; clock_50mhz ; None                        ; None                      ; 2.513 ns                ;
; N/A                                     ; 367.51 MHz ( period = 2.721 ns )                    ; vga:inst3|vga_counter:counter|pos_y[1]                     ; vga:inst3|vga_counter:counter|pos_y[9]                  ; clock_50mhz ; clock_50mhz ; None                        ; None                      ; 2.508 ns                ;
; N/A                                     ; 369.28 MHz ( period = 2.708 ns )                    ; vga:inst3|vga_counter:counter|pos_y[2]                     ; vga:inst3|vga_triggers:triggers|new_frame_state         ; clock_50mhz ; clock_50mhz ; None                        ; None                      ; 2.494 ns                ;
; N/A                                     ; 369.82 MHz ( period = 2.704 ns )                    ; vga:inst3|vga_counter:counter|pos_y[1]                     ; vga:inst3|vga_triggers:triggers|new_frame_state         ; clock_50mhz ; clock_50mhz ; None                        ; None                      ; 2.492 ns                ;
; N/A                                     ; 370.37 MHz ( period = 2.700 ns )                    ; vga:inst3|vga_counter:counter|pos_y[2]                     ; vga:inst3|vga_counter:counter|pos_y[4]                  ; clock_50mhz ; clock_50mhz ; None                        ; None                      ; 2.486 ns                ;
; N/A                                     ; 371.06 MHz ( period = 2.695 ns )                    ; vga:inst3|vga_counter:counter|pos_x[2]                     ; vga:inst3|vga_counter:counter|pos_y[1]                  ; clock_50mhz ; clock_50mhz ; None                        ; None                      ; 2.478 ns                ;
; N/A                                     ; 371.33 MHz ( period = 2.693 ns )                    ; vga:inst3|vga_counter:counter|pos_x[2]                     ; vga:inst3|vga_counter:counter|pos_y[3]                  ; clock_50mhz ; clock_50mhz ; None                        ; None                      ; 2.477 ns                ;
; N/A                                     ; 371.33 MHz ( period = 2.693 ns )                    ; vga:inst3|vga_counter:counter|pos_x[2]                     ; vga:inst3|vga_counter:counter|pos_y[5]                  ; clock_50mhz ; clock_50mhz ; None                        ; None                      ; 2.477 ns                ;
; N/A                                     ; 371.33 MHz ( period = 2.693 ns )                    ; vga:inst3|vga_counter:counter|pos_x[2]                     ; vga:inst3|vga_counter:counter|pos_y[7]                  ; clock_50mhz ; clock_50mhz ; None                        ; None                      ; 2.477 ns                ;
; N/A                                     ; 371.33 MHz ( period = 2.693 ns )                    ; vga:inst3|vga_counter:counter|pos_x[2]                     ; vga:inst3|vga_counter:counter|pos_y[8]                  ; clock_50mhz ; clock_50mhz ; None                        ; None                      ; 2.477 ns                ;
; N/A                                     ; 371.33 MHz ( period = 2.693 ns )                    ; vga:inst3|vga_counter:counter|pos_x[2]                     ; vga:inst3|vga_counter:counter|pos_y[9]                  ; clock_50mhz ; clock_50mhz ; None                        ; None                      ; 2.477 ns                ;
; N/A                                     ; 371.33 MHz ( period = 2.693 ns )                    ; vga:inst3|vga_counter:counter|pos_x[2]                     ; vga:inst3|vga_counter:counter|pos_y[0]                  ; clock_50mhz ; clock_50mhz ; None                        ; None                      ; 2.477 ns                ;
; N/A                                     ; 371.33 MHz ( period = 2.693 ns )                    ; vga:inst3|vga_counter:counter|pos_x[2]                     ; vga:inst3|vga_counter:counter|pos_y[6]                  ; clock_50mhz ; clock_50mhz ; None                        ; None                      ; 2.477 ns                ;
; N/A                                     ; 371.89 MHz ( period = 2.689 ns )                    ; vga:inst3|vga_trans_reset:trans_reset|counter_state[1]     ; vga:inst3|vga_trans_reset:trans_reset|mem_addr_state[5] ; clock_50mhz ; clock_50mhz ; None                        ; None                      ; 2.475 ns                ;
; N/A                                     ; 372.02 MHz ( period = 2.688 ns )                    ; vga:inst3|vga_trans_reset:trans_reset|counter_state[0]     ; vga:inst3|vga_trans_reset:trans_reset|mem_addr_state[4] ; clock_50mhz ; clock_50mhz ; None                        ; None                      ; 2.474 ns                ;
; N/A                                     ; 372.30 MHz ( period = 2.686 ns )                    ; vga:inst3|vga_counter:counter|pos_y[2]                     ; vga:inst3|vga_triggers:triggers|new_line_state          ; clock_50mhz ; clock_50mhz ; None                        ; None                      ; 2.472 ns                ;
; N/A                                     ; 372.44 MHz ( period = 2.685 ns )                    ; vga:inst3|vga_counter:counter|pos_y[2]                     ; vga:inst3|vga_counter:counter|pos_y[9]                  ; clock_50mhz ; clock_50mhz ; None                        ; None                      ; 2.470 ns                ;
; N/A                                     ; 372.58 MHz ( period = 2.684 ns )                    ; vga:inst3|vga_trans_reset:trans_reset|counter_state[0]     ; vga:inst3|vga_trans_reset:trans_reset|counter_state[4]  ; clock_50mhz ; clock_50mhz ; None                        ; None                      ; 2.470 ns                ;
; N/A                                     ; 372.58 MHz ( period = 2.684 ns )                    ; vga:inst3|vga_trans_reset:trans_reset|counter_state[0]     ; vga:inst3|vga_trans_reset:trans_reset|counter_state[0]  ; clock_50mhz ; clock_50mhz ; None                        ; None                      ; 2.470 ns                ;
; N/A                                     ; 372.58 MHz ( period = 2.684 ns )                    ; vga:inst3|vga_trans_reset:trans_reset|counter_state[0]     ; vga:inst3|vga_trans_reset:trans_reset|counter_state[3]  ; clock_50mhz ; clock_50mhz ; None                        ; None                      ; 2.470 ns                ;
; N/A                                     ; 372.58 MHz ( period = 2.684 ns )                    ; vga:inst3|vga_trans_reset:trans_reset|counter_state[0]     ; vga:inst3|vga_trans_reset:trans_reset|counter_state[2]  ; clock_50mhz ; clock_50mhz ; None                        ; None                      ; 2.470 ns                ;
; N/A                                     ; 372.58 MHz ( period = 2.684 ns )                    ; vga:inst3|vga_trans_reset:trans_reset|counter_state[0]     ; vga:inst3|vga_trans_reset:trans_reset|counter_state[1]  ; clock_50mhz ; clock_50mhz ; None                        ; None                      ; 2.470 ns                ;
; N/A                                     ; 372.72 MHz ( period = 2.683 ns )                    ; vga:inst3|vga_counter:counter|pos_x[5]                     ; vga:inst3|vga_counter:counter|pos_y[1]                  ; clock_50mhz ; clock_50mhz ; None                        ; None                      ; 2.466 ns                ;
; N/A                                     ; 372.86 MHz ( period = 2.682 ns )                    ; vga:inst3|vga_counter:counter|pos_y[1]                     ; vga:inst3|vga_triggers:triggers|new_line_state          ; clock_50mhz ; clock_50mhz ; None                        ; None                      ; 2.470 ns                ;
; N/A                                     ; 373.00 MHz ( period = 2.681 ns )                    ; vga:inst3|vga_counter:counter|pos_x[5]                     ; vga:inst3|vga_counter:counter|pos_y[3]                  ; clock_50mhz ; clock_50mhz ; None                        ; None                      ; 2.465 ns                ;
; N/A                                     ; 373.00 MHz ( period = 2.681 ns )                    ; vga:inst3|vga_counter:counter|pos_x[5]                     ; vga:inst3|vga_counter:counter|pos_y[5]                  ; clock_50mhz ; clock_50mhz ; None                        ; None                      ; 2.465 ns                ;
; N/A                                     ; 373.00 MHz ( period = 2.681 ns )                    ; vga:inst3|vga_counter:counter|pos_x[5]                     ; vga:inst3|vga_counter:counter|pos_y[7]                  ; clock_50mhz ; clock_50mhz ; None                        ; None                      ; 2.465 ns                ;
; N/A                                     ; 373.00 MHz ( period = 2.681 ns )                    ; vga:inst3|vga_counter:counter|pos_x[5]                     ; vga:inst3|vga_counter:counter|pos_y[8]                  ; clock_50mhz ; clock_50mhz ; None                        ; None                      ; 2.465 ns                ;
; N/A                                     ; 373.00 MHz ( period = 2.681 ns )                    ; vga:inst3|vga_counter:counter|pos_x[5]                     ; vga:inst3|vga_counter:counter|pos_y[9]                  ; clock_50mhz ; clock_50mhz ; None                        ; None                      ; 2.465 ns                ;
; N/A                                     ; 373.00 MHz ( period = 2.681 ns )                    ; vga:inst3|vga_counter:counter|pos_x[5]                     ; vga:inst3|vga_counter:counter|pos_y[0]                  ; clock_50mhz ; clock_50mhz ; None                        ; None                      ; 2.465 ns                ;
; N/A                                     ; 373.00 MHz ( period = 2.681 ns )                    ; vga:inst3|vga_counter:counter|pos_x[5]                     ; vga:inst3|vga_counter:counter|pos_y[6]                  ; clock_50mhz ; clock_50mhz ; None                        ; None                      ; 2.465 ns                ;
; N/A                                     ; 373.55 MHz ( period = 2.677 ns )                    ; vga:inst3|vga_counter:counter|pos_y[2]                     ; vga:inst3|vga_counter:counter|pos_y[1]                  ; clock_50mhz ; clock_50mhz ; None                        ; None                      ; 2.461 ns                ;
; N/A                                     ; 373.83 MHz ( period = 2.675 ns )                    ; vga:inst3|vga_counter:counter|pos_y[1]                     ; vga:inst3|vga_counter:counter|pos_y[4]                  ; clock_50mhz ; clock_50mhz ; None                        ; None                      ; 2.463 ns                ;
; N/A                                     ; 376.08 MHz ( period = 2.659 ns )                    ; vga:inst3|vga_trans:trans|counter_state[0]                 ; vga:inst3|vga_trans:trans|mem_addr_state[7]             ; clock_50mhz ; clock_50mhz ; None                        ; None                      ; 2.445 ns                ;
; N/A                                     ; 376.36 MHz ( period = 2.657 ns )                    ; vga:inst3|vga_trans:trans|counter_state[2]                 ; vga:inst3|vga_trans:trans|mem_addr_state[5]             ; clock_50mhz ; clock_50mhz ; None                        ; None                      ; 2.443 ns                ;
; N/A                                     ; 376.36 MHz ( period = 2.657 ns )                    ; vga:inst3|vga_trans_reset:trans_reset|counter_state[2]     ; vga:inst3|vga_trans_reset:trans_reset|mem_addr_state[6] ; clock_50mhz ; clock_50mhz ; None                        ; None                      ; 2.443 ns                ;
; N/A                                     ; 376.51 MHz ( period = 2.656 ns )                    ; vga:inst3|vga_trans_reset:trans_reset|counter_state[3]     ; vga:inst3|vga_trans_reset:trans_reset|mem_addr_state[4] ; clock_50mhz ; clock_50mhz ; None                        ; None                      ; 2.442 ns                ;
; N/A                                     ; 377.07 MHz ( period = 2.652 ns )                    ; vga:inst3|vga_counter:counter|pos_x[4]                     ; vga:inst3|vga_counter:counter|pos_y[1]                  ; clock_50mhz ; clock_50mhz ; None                        ; None                      ; 2.435 ns                ;
; N/A                                     ; 377.07 MHz ( period = 2.652 ns )                    ; vga:inst3|vga_counter:counter|pos_y[1]                     ; vga:inst3|vga_counter:counter|pos_y[1]                  ; clock_50mhz ; clock_50mhz ; None                        ; None                      ; 2.438 ns                ;
; N/A                                     ; 377.07 MHz ( period = 2.652 ns )                    ; vga:inst3|vga_trans_reset:trans_reset|counter_state[3]     ; vga:inst3|vga_trans_reset:trans_reset|counter_state[4]  ; clock_50mhz ; clock_50mhz ; None                        ; None                      ; 2.438 ns                ;
; N/A                                     ; 377.07 MHz ( period = 2.652 ns )                    ; vga:inst3|vga_trans_reset:trans_reset|counter_state[3]     ; vga:inst3|vga_trans_reset:trans_reset|counter_state[0]  ; clock_50mhz ; clock_50mhz ; None                        ; None                      ; 2.438 ns                ;
; N/A                                     ; 377.07 MHz ( period = 2.652 ns )                    ; vga:inst3|vga_trans_reset:trans_reset|counter_state[3]     ; vga:inst3|vga_trans_reset:trans_reset|counter_state[3]  ; clock_50mhz ; clock_50mhz ; None                        ; None                      ; 2.438 ns                ;
; N/A                                     ; 377.07 MHz ( period = 2.652 ns )                    ; vga:inst3|vga_trans_reset:trans_reset|counter_state[3]     ; vga:inst3|vga_trans_reset:trans_reset|counter_state[2]  ; clock_50mhz ; clock_50mhz ; None                        ; None                      ; 2.438 ns                ;
; N/A                                     ; 377.07 MHz ( period = 2.652 ns )                    ; vga:inst3|vga_trans_reset:trans_reset|counter_state[3]     ; vga:inst3|vga_trans_reset:trans_reset|counter_state[1]  ; clock_50mhz ; clock_50mhz ; None                        ; None                      ; 2.438 ns                ;
; N/A                                     ; 377.36 MHz ( period = 2.650 ns )                    ; vga:inst3|vga_counter:counter|pos_x[4]                     ; vga:inst3|vga_counter:counter|pos_y[3]                  ; clock_50mhz ; clock_50mhz ; None                        ; None                      ; 2.434 ns                ;
; N/A                                     ; 377.36 MHz ( period = 2.650 ns )                    ; vga:inst3|vga_counter:counter|pos_x[4]                     ; vga:inst3|vga_counter:counter|pos_y[5]                  ; clock_50mhz ; clock_50mhz ; None                        ; None                      ; 2.434 ns                ;
; N/A                                     ; 377.36 MHz ( period = 2.650 ns )                    ; vga:inst3|vga_counter:counter|pos_x[4]                     ; vga:inst3|vga_counter:counter|pos_y[7]                  ; clock_50mhz ; clock_50mhz ; None                        ; None                      ; 2.434 ns                ;
; N/A                                     ; 377.36 MHz ( period = 2.650 ns )                    ; vga:inst3|vga_counter:counter|pos_x[4]                     ; vga:inst3|vga_counter:counter|pos_y[8]                  ; clock_50mhz ; clock_50mhz ; None                        ; None                      ; 2.434 ns                ;
; N/A                                     ; 377.36 MHz ( period = 2.650 ns )                    ; vga:inst3|vga_counter:counter|pos_x[4]                     ; vga:inst3|vga_counter:counter|pos_y[9]                  ; clock_50mhz ; clock_50mhz ; None                        ; None                      ; 2.434 ns                ;
; N/A                                     ; 377.36 MHz ( period = 2.650 ns )                    ; vga:inst3|vga_counter:counter|pos_x[4]                     ; vga:inst3|vga_counter:counter|pos_y[0]                  ; clock_50mhz ; clock_50mhz ; None                        ; None                      ; 2.434 ns                ;
; N/A                                     ; 377.36 MHz ( period = 2.650 ns )                    ; vga:inst3|vga_counter:counter|pos_x[4]                     ; vga:inst3|vga_counter:counter|pos_y[6]                  ; clock_50mhz ; clock_50mhz ; None                        ; None                      ; 2.434 ns                ;
; N/A                                     ; 381.24 MHz ( period = 2.623 ns )                    ; vga:inst3|vga_counter:counter|pos_y[0]                     ; vga:inst3|vga_counter:counter|pos_y[9]                  ; clock_50mhz ; clock_50mhz ; None                        ; None                      ; 2.409 ns                ;
; N/A                                     ; 381.97 MHz ( period = 2.618 ns )                    ; vga:inst3|vga_trans_reset:trans_reset|counter_state[1]     ; vga:inst3|vga_trans_reset:trans_reset|mem_addr_state[4] ; clock_50mhz ; clock_50mhz ; None                        ; None                      ; 2.404 ns                ;
; N/A                                     ; 382.56 MHz ( period = 2.614 ns )                    ; vga:inst3|vga_trans_reset:trans_reset|counter_state[1]     ; vga:inst3|vga_trans_reset:trans_reset|counter_state[4]  ; clock_50mhz ; clock_50mhz ; None                        ; None                      ; 2.400 ns                ;
; N/A                                     ; 382.56 MHz ( period = 2.614 ns )                    ; vga:inst3|vga_trans_reset:trans_reset|counter_state[1]     ; vga:inst3|vga_trans_reset:trans_reset|counter_state[0]  ; clock_50mhz ; clock_50mhz ; None                        ; None                      ; 2.400 ns                ;
; N/A                                     ; 382.56 MHz ( period = 2.614 ns )                    ; vga:inst3|vga_trans_reset:trans_reset|counter_state[1]     ; vga:inst3|vga_trans_reset:trans_reset|counter_state[3]  ; clock_50mhz ; clock_50mhz ; None                        ; None                      ; 2.400 ns                ;
; N/A                                     ; 382.56 MHz ( period = 2.614 ns )                    ; vga:inst3|vga_trans_reset:trans_reset|counter_state[1]     ; vga:inst3|vga_trans_reset:trans_reset|counter_state[2]  ; clock_50mhz ; clock_50mhz ; None                        ; None                      ; 2.400 ns                ;
; N/A                                     ; 382.56 MHz ( period = 2.614 ns )                    ; vga:inst3|vga_trans_reset:trans_reset|counter_state[1]     ; vga:inst3|vga_trans_reset:trans_reset|counter_state[1]  ; clock_50mhz ; clock_50mhz ; None                        ; None                      ; 2.400 ns                ;
; N/A                                     ; 383.29 MHz ( period = 2.609 ns )                    ; vga:inst3|vga_counter:counter|pos_y[4]                     ; vga:inst3|vga_triggers:triggers|new_frame_state         ; clock_50mhz ; clock_50mhz ; None                        ; None                      ; 2.395 ns                ;
; N/A                                     ; 384.76 MHz ( period = 2.599 ns )                    ; vga:inst3|vga_counter:counter|pos_x[1]                     ; vga:inst3|vga_counter:counter|pos_y[2]                  ; clock_50mhz ; clock_50mhz ; None                        ; None                      ; 2.384 ns                ;
; N/A                                     ; 384.76 MHz ( period = 2.599 ns )                    ; vga:inst3|vga_counter:counter|pos_x[1]                     ; vga:inst3|vga_counter:counter|pos_y[4]                  ; clock_50mhz ; clock_50mhz ; None                        ; None                      ; 2.384 ns                ;
; N/A                                     ; 386.40 MHz ( period = 2.588 ns )                    ; vga:inst3|vga_trans:trans|counter_state[0]                 ; vga:inst3|vga_trans:trans|mem_addr_state[6]             ; clock_50mhz ; clock_50mhz ; None                        ; None                      ; 2.374 ns                ;
; N/A                                     ; 386.55 MHz ( period = 2.587 ns )                    ; vga:inst3|vga_counter:counter|pos_y[4]                     ; vga:inst3|vga_triggers:triggers|new_line_state          ; clock_50mhz ; clock_50mhz ; None                        ; None                      ; 2.373 ns                ;
; N/A                                     ; 386.70 MHz ( period = 2.586 ns )                    ; vga:inst3|vga_trans:trans|counter_state[2]                 ; vga:inst3|vga_trans:trans|mem_addr_state[4]             ; clock_50mhz ; clock_50mhz ; None                        ; None                      ; 2.372 ns                ;
; N/A                                     ; 386.70 MHz ( period = 2.586 ns )                    ; vga:inst3|vga_trans_reset:trans_reset|counter_state[2]     ; vga:inst3|vga_trans_reset:trans_reset|mem_addr_state[5] ; clock_50mhz ; clock_50mhz ; None                        ; None                      ; 2.372 ns                ;
; N/A                                     ; 387.75 MHz ( period = 2.579 ns )                    ; vga:inst3|vga_counter:counter|pos_y[4]                     ; vga:inst3|vga_counter:counter|pos_y[4]                  ; clock_50mhz ; clock_50mhz ; None                        ; None                      ; 2.365 ns                ;
; N/A                                     ; 390.47 MHz ( period = 2.561 ns )                    ; vga:inst3|vga_counter:counter|pos_y[9]                     ; vga:inst3|vga_triggers:triggers|new_frame_state         ; clock_50mhz ; clock_50mhz ; None                        ; None                      ; 2.348 ns                ;
; N/A                                     ; 391.24 MHz ( period = 2.556 ns )                    ; vga:inst3|vga_counter:counter|pos_y[4]                     ; vga:inst3|vga_counter:counter|pos_y[1]                  ; clock_50mhz ; clock_50mhz ; None                        ; None                      ; 2.340 ns                ;
; N/A                                     ; 391.70 MHz ( period = 2.553 ns )                    ; vga:inst3|vga_counter:counter|pos_x[3]                     ; vga:inst3|vga_counter:counter|pos_y[1]                  ; clock_50mhz ; clock_50mhz ; None                        ; None                      ; 2.337 ns                ;
; N/A                                     ; 392.00 MHz ( period = 2.551 ns )                    ; vga:inst3|vga_counter:counter|pos_x[3]                     ; vga:inst3|vga_counter:counter|pos_y[3]                  ; clock_50mhz ; clock_50mhz ; None                        ; None                      ; 2.336 ns                ;
; N/A                                     ; 392.00 MHz ( period = 2.551 ns )                    ; vga:inst3|vga_counter:counter|pos_x[3]                     ; vga:inst3|vga_counter:counter|pos_y[5]                  ; clock_50mhz ; clock_50mhz ; None                        ; None                      ; 2.336 ns                ;
; N/A                                     ; 392.00 MHz ( period = 2.551 ns )                    ; vga:inst3|vga_counter:counter|pos_x[3]                     ; vga:inst3|vga_counter:counter|pos_y[7]                  ; clock_50mhz ; clock_50mhz ; None                        ; None                      ; 2.336 ns                ;
; N/A                                     ; 392.00 MHz ( period = 2.551 ns )                    ; vga:inst3|vga_counter:counter|pos_x[3]                     ; vga:inst3|vga_counter:counter|pos_y[8]                  ; clock_50mhz ; clock_50mhz ; None                        ; None                      ; 2.336 ns                ;
; N/A                                     ; 392.00 MHz ( period = 2.551 ns )                    ; vga:inst3|vga_counter:counter|pos_x[3]                     ; vga:inst3|vga_counter:counter|pos_y[9]                  ; clock_50mhz ; clock_50mhz ; None                        ; None                      ; 2.336 ns                ;
; N/A                                     ; 392.00 MHz ( period = 2.551 ns )                    ; vga:inst3|vga_counter:counter|pos_x[7]                     ; vga:inst3|vga_counter:counter|pos_y[1]                  ; clock_50mhz ; clock_50mhz ; None                        ; None                      ; 2.334 ns                ;
; N/A                                     ; 392.00 MHz ( period = 2.551 ns )                    ; vga:inst3|vga_counter:counter|pos_x[3]                     ; vga:inst3|vga_counter:counter|pos_y[0]                  ; clock_50mhz ; clock_50mhz ; None                        ; None                      ; 2.336 ns                ;
; N/A                                     ; 392.00 MHz ( period = 2.551 ns )                    ; vga:inst3|vga_counter:counter|pos_x[3]                     ; vga:inst3|vga_counter:counter|pos_y[6]                  ; clock_50mhz ; clock_50mhz ; None                        ; None                      ; 2.336 ns                ;
; N/A                                     ; 392.31 MHz ( period = 2.549 ns )                    ; vga:inst3|vga_counter:counter|pos_x[7]                     ; vga:inst3|vga_counter:counter|pos_y[3]                  ; clock_50mhz ; clock_50mhz ; None                        ; None                      ; 2.333 ns                ;
; N/A                                     ; 392.31 MHz ( period = 2.549 ns )                    ; vga:inst3|vga_counter:counter|pos_x[7]                     ; vga:inst3|vga_counter:counter|pos_y[5]                  ; clock_50mhz ; clock_50mhz ; None                        ; None                      ; 2.333 ns                ;
; N/A                                     ; 392.31 MHz ( period = 2.549 ns )                    ; vga:inst3|vga_counter:counter|pos_x[7]                     ; vga:inst3|vga_counter:counter|pos_y[7]                  ; clock_50mhz ; clock_50mhz ; None                        ; None                      ; 2.333 ns                ;
; N/A                                     ; 392.31 MHz ( period = 2.549 ns )                    ; vga:inst3|vga_counter:counter|pos_x[7]                     ; vga:inst3|vga_counter:counter|pos_y[8]                  ; clock_50mhz ; clock_50mhz ; None                        ; None                      ; 2.333 ns                ;
; N/A                                     ; 392.31 MHz ( period = 2.549 ns )                    ; vga:inst3|vga_counter:counter|pos_x[7]                     ; vga:inst3|vga_counter:counter|pos_y[9]                  ; clock_50mhz ; clock_50mhz ; None                        ; None                      ; 2.333 ns                ;
; N/A                                     ; 392.31 MHz ( period = 2.549 ns )                    ; vga:inst3|vga_counter:counter|pos_x[7]                     ; vga:inst3|vga_counter:counter|pos_y[0]                  ; clock_50mhz ; clock_50mhz ; None                        ; None                      ; 2.333 ns                ;
; N/A                                     ; 392.31 MHz ( period = 2.549 ns )                    ; vga:inst3|vga_counter:counter|pos_x[7]                     ; vga:inst3|vga_counter:counter|pos_y[6]                  ; clock_50mhz ; clock_50mhz ; None                        ; None                      ; 2.333 ns                ;
; N/A                                     ; 393.24 MHz ( period = 2.543 ns )                    ; vga:inst3|vga_counter:counter|pos_y[9]                     ; vga:inst3|vga_counter:counter|pos_y[4]                  ; clock_50mhz ; clock_50mhz ; None                        ; None                      ; 2.330 ns                ;
; N/A                                     ; 393.86 MHz ( period = 2.539 ns )                    ; vga:inst3|vga_counter:counter|pos_y[9]                     ; vga:inst3|vga_triggers:triggers|new_line_state          ; clock_50mhz ; clock_50mhz ; None                        ; None                      ; 2.326 ns                ;
; N/A                                     ; 394.01 MHz ( period = 2.538 ns )                    ; vga:inst3|vga_counter:counter|pos_x[6]                     ; vga:inst3|vga_counter:counter|pos_y[2]                  ; clock_50mhz ; clock_50mhz ; None                        ; None                      ; 2.324 ns                ;
; N/A                                     ; 394.01 MHz ( period = 2.538 ns )                    ; vga:inst3|vga_counter:counter|pos_x[6]                     ; vga:inst3|vga_counter:counter|pos_y[4]                  ; clock_50mhz ; clock_50mhz ; None                        ; None                      ; 2.324 ns                ;
; N/A                                     ; 394.48 MHz ( period = 2.535 ns )                    ; vga:inst3|vga_counter:counter|pos_y[4]                     ; vga:inst3|vga_counter:counter|pos_y[9]                  ; clock_50mhz ; clock_50mhz ; None                        ; None                      ; 2.320 ns                ;
; N/A                                     ; 396.83 MHz ( period = 2.520 ns )                    ; vga:inst3|vga_counter:counter|pos_y[9]                     ; vga:inst3|vga_counter:counter|pos_y[1]                  ; clock_50mhz ; clock_50mhz ; None                        ; None                      ; 2.305 ns                ;
; N/A                                     ; 397.30 MHz ( period = 2.517 ns )                    ; vga:inst3|vga_trans:trans|counter_state[0]                 ; vga:inst3|vga_trans:trans|mem_addr_state[5]             ; clock_50mhz ; clock_50mhz ; None                        ; None                      ; 2.303 ns                ;
; N/A                                     ; 397.61 MHz ( period = 2.515 ns )                    ; vga:inst3|vga_trans_reset:trans_reset|counter_state[2]     ; vga:inst3|vga_trans_reset:trans_reset|mem_addr_state[4] ; clock_50mhz ; clock_50mhz ; None                        ; None                      ; 2.301 ns                ;
; N/A                                     ; 397.61 MHz ( period = 2.515 ns )                    ; vga:inst3|vga_trans:trans|counter_state[2]                 ; vga:inst3|vga_trans:trans|mem_addr_state[3]             ; clock_50mhz ; clock_50mhz ; None                        ; None                      ; 2.301 ns                ;
; N/A                                     ; 397.77 MHz ( period = 2.514 ns )                    ; vga:inst3|vga_trans:trans|counter_state[1]                 ; vga:inst3|vga_trans:trans|mem_addr_state[7]             ; clock_50mhz ; clock_50mhz ; None                        ; None                      ; 2.300 ns                ;
; N/A                                     ; 398.25 MHz ( period = 2.511 ns )                    ; vga:inst3|vga_trans_reset:trans_reset|counter_state[2]     ; vga:inst3|vga_trans_reset:trans_reset|counter_state[4]  ; clock_50mhz ; clock_50mhz ; None                        ; None                      ; 2.297 ns                ;
; N/A                                     ; 398.25 MHz ( period = 2.511 ns )                    ; vga:inst3|vga_trans_reset:trans_reset|counter_state[2]     ; vga:inst3|vga_trans_reset:trans_reset|counter_state[0]  ; clock_50mhz ; clock_50mhz ; None                        ; None                      ; 2.297 ns                ;
; N/A                                     ; 398.25 MHz ( period = 2.511 ns )                    ; vga:inst3|vga_trans_reset:trans_reset|counter_state[2]     ; vga:inst3|vga_trans_reset:trans_reset|counter_state[3]  ; clock_50mhz ; clock_50mhz ; None                        ; None                      ; 2.297 ns                ;
; N/A                                     ; 398.25 MHz ( period = 2.511 ns )                    ; vga:inst3|vga_trans_reset:trans_reset|counter_state[2]     ; vga:inst3|vga_trans_reset:trans_reset|counter_state[2]  ; clock_50mhz ; clock_50mhz ; None                        ; None                      ; 2.297 ns                ;
; N/A                                     ; 398.25 MHz ( period = 2.511 ns )                    ; vga:inst3|vga_trans_reset:trans_reset|counter_state[2]     ; vga:inst3|vga_trans_reset:trans_reset|counter_state[1]  ; clock_50mhz ; clock_50mhz ; None                        ; None                      ; 2.297 ns                ;
; N/A                                     ; 399.68 MHz ( period = 2.502 ns )                    ; vga:inst3|vga_trans_reset:trans_reset|counter_state[4]     ; vga:inst3|vga_trans_reset:trans_reset|mem_addr_state[7] ; clock_50mhz ; clock_50mhz ; None                        ; None                      ; 2.288 ns                ;
; N/A                                     ; 400.32 MHz ( period = 2.498 ns )                    ; vga:inst3|vga_triggers:triggers|new_line_state             ; vga:inst3|vga_trans:trans|mem_addr_state[2]             ; clock_50mhz ; clock_50mhz ; None                        ; None                      ; 2.276 ns                ;
; N/A                                     ; 400.32 MHz ( period = 2.498 ns )                    ; vga:inst3|vga_triggers:triggers|new_line_state             ; vga:inst3|vga_trans:trans|mem_addr_state[1]             ; clock_50mhz ; clock_50mhz ; None                        ; None                      ; 2.276 ns                ;
; N/A                                     ; 400.32 MHz ( period = 2.498 ns )                    ; vga:inst3|vga_triggers:triggers|new_line_state             ; vga:inst3|vga_trans:trans|mem_addr_state[0]             ; clock_50mhz ; clock_50mhz ; None                        ; None                      ; 2.276 ns                ;
; N/A                                     ; 400.32 MHz ( period = 2.498 ns )                    ; vga:inst3|vga_triggers:triggers|new_line_state             ; vga:inst3|vga_trans:trans|counter_state[2]              ; clock_50mhz ; clock_50mhz ; None                        ; None                      ; 2.276 ns                ;
; N/A                                     ; 400.32 MHz ( period = 2.498 ns )                    ; vga:inst3|vga_triggers:triggers|new_line_state             ; vga:inst3|vga_trans:trans|counter_state[0]              ; clock_50mhz ; clock_50mhz ; None                        ; None                      ; 2.276 ns                ;
; N/A                                     ; 400.32 MHz ( period = 2.498 ns )                    ; vga:inst3|vga_triggers:triggers|new_line_state             ; vga:inst3|vga_trans:trans|counter_state[1]              ; clock_50mhz ; clock_50mhz ; None                        ; None                      ; 2.276 ns                ;
; N/A                                     ; 400.32 MHz ( period = 2.498 ns )                    ; vga:inst3|vga_counter:counter|pos_x[2]                     ; vga:inst3|vga_counter:counter|pos_y[2]                  ; clock_50mhz ; clock_50mhz ; None                        ; None                      ; 2.283 ns                ;
; N/A                                     ; 400.32 MHz ( period = 2.498 ns )                    ; vga:inst3|vga_counter:counter|pos_x[2]                     ; vga:inst3|vga_counter:counter|pos_y[4]                  ; clock_50mhz ; clock_50mhz ; None                        ; None                      ; 2.283 ns                ;
; N/A                                     ; 400.32 MHz ( period = 2.498 ns )                    ; vga:inst3|vga_triggers:triggers|new_line_state             ; vga:inst3|vga_trans:trans|mem_addr_state[4]             ; clock_50mhz ; clock_50mhz ; None                        ; None                      ; 2.276 ns                ;
; N/A                                     ; 400.32 MHz ( period = 2.498 ns )                    ; vga:inst3|vga_triggers:triggers|new_line_state             ; vga:inst3|vga_trans:trans|mem_addr_state[3]             ; clock_50mhz ; clock_50mhz ; None                        ; None                      ; 2.276 ns                ;
; N/A                                     ; 400.32 MHz ( period = 2.498 ns )                    ; vga:inst3|vga_triggers:triggers|new_line_state             ; vga:inst3|vga_trans:trans|mem_addr_state[5]             ; clock_50mhz ; clock_50mhz ; None                        ; None                      ; 2.276 ns                ;
; N/A                                     ; 400.32 MHz ( period = 2.498 ns )                    ; vga:inst3|vga_triggers:triggers|new_line_state             ; vga:inst3|vga_trans:trans|mem_addr_state[6]             ; clock_50mhz ; clock_50mhz ; None                        ; None                      ; 2.276 ns                ;
; N/A                                     ; 400.32 MHz ( period = 2.498 ns )                    ; vga:inst3|vga_triggers:triggers|new_line_state             ; vga:inst3|vga_trans:trans|mem_addr_state[7]             ; clock_50mhz ; clock_50mhz ; None                        ; None                      ; 2.276 ns                ;
; N/A                                     ; 402.25 MHz ( period = 2.486 ns )                    ; vga:inst3|vga_counter:counter|pos_x[5]                     ; vga:inst3|vga_counter:counter|pos_y[2]                  ; clock_50mhz ; clock_50mhz ; None                        ; None                      ; 2.271 ns                ;
; N/A                                     ; 402.25 MHz ( period = 2.486 ns )                    ; vga:inst3|vga_counter:counter|pos_x[5]                     ; vga:inst3|vga_counter:counter|pos_y[4]                  ; clock_50mhz ; clock_50mhz ; None                        ; None                      ; 2.271 ns                ;
; N/A                                     ; 403.55 MHz ( period = 2.478 ns )                    ; vga:inst3|vga_counter:counter|pos_x[0]                     ; vga:inst3|vga_counter:counter|pos_x[6]                  ; clock_50mhz ; clock_50mhz ; None                        ; None                      ; 2.263 ns                ;
; N/A                                     ; 403.71 MHz ( period = 2.477 ns )                    ; vga:inst3|vga_counter:counter|pos_y[2]                     ; vga:inst3|vga_counter:counter|pos_y[2]                  ; clock_50mhz ; clock_50mhz ; None                        ; None                      ; 2.263 ns                ;
; N/A                                     ; 403.71 MHz ( period = 2.477 ns )                    ; vga:inst3|vga_counter:counter|pos_y[2]                     ; vga:inst3|vga_triggers:triggers|end_frame_state         ; clock_50mhz ; clock_50mhz ; None                        ; None                      ; 2.263 ns                ;
; N/A                                     ; 405.84 MHz ( period = 2.464 ns )                    ; vga:inst3|vga_counter:counter|pos_x[3]                     ; vga:inst3|vga_counter:counter|pos_x[6]                  ; clock_50mhz ; clock_50mhz ; None                        ; None                      ; 2.250 ns                ;
; N/A                                     ; 407.33 MHz ( period = 2.455 ns )                    ; vga:inst3|vga_counter:counter|pos_x[4]                     ; vga:inst3|vga_counter:counter|pos_y[2]                  ; clock_50mhz ; clock_50mhz ; None                        ; None                      ; 2.240 ns                ;
; N/A                                     ; 407.33 MHz ( period = 2.455 ns )                    ; vga:inst3|vga_counter:counter|pos_x[4]                     ; vga:inst3|vga_counter:counter|pos_y[4]                  ; clock_50mhz ; clock_50mhz ; None                        ; None                      ; 2.240 ns                ;
; N/A                                     ; 407.83 MHz ( period = 2.452 ns )                    ; vga:inst3|vga_counter:counter|pos_y[1]                     ; vga:inst3|vga_counter:counter|pos_y[2]                  ; clock_50mhz ; clock_50mhz ; None                        ; None                      ; 2.240 ns                ;
; N/A                                     ; 407.83 MHz ( period = 2.452 ns )                    ; vga:inst3|vga_counter:counter|pos_y[1]                     ; vga:inst3|vga_triggers:triggers|end_frame_state         ; clock_50mhz ; clock_50mhz ; None                        ; None                      ; 2.240 ns                ;
; N/A                                     ; 408.83 MHz ( period = 2.446 ns )                    ; vga:inst3|vga_trans:trans|counter_state[0]                 ; vga:inst3|vga_trans:trans|mem_addr_state[4]             ; clock_50mhz ; clock_50mhz ; None                        ; None                      ; 2.232 ns                ;
; N/A                                     ; 409.17 MHz ( period = 2.444 ns )                    ; vga:inst3|vga_trans:trans|counter_state[2]                 ; vga:inst3|vga_trans:trans|mem_addr_state[2]             ; clock_50mhz ; clock_50mhz ; None                        ; None                      ; 2.230 ns                ;
; N/A                                     ; 409.33 MHz ( period = 2.443 ns )                    ; vga:inst3|vga_trans:trans|counter_state[1]                 ; vga:inst3|vga_trans:trans|mem_addr_state[6]             ; clock_50mhz ; clock_50mhz ; None                        ; None                      ; 2.229 ns                ;
; N/A                                     ; 409.84 MHz ( period = 2.440 ns )                    ; vga:inst3|vga_counter:counter|pos_y[7]                     ; vga:inst3|vga_triggers:triggers|new_frame_state         ; clock_50mhz ; clock_50mhz ; None                        ; None                      ; 2.227 ns                ;
; N/A                                     ; 411.35 MHz ( period = 2.431 ns )                    ; vga:inst3|vga_trans_reset:trans_reset|counter_state[4]     ; vga:inst3|vga_trans_reset:trans_reset|mem_addr_state[6] ; clock_50mhz ; clock_50mhz ; None                        ; None                      ; 2.217 ns                ;
; N/A                                     ; 412.88 MHz ( period = 2.422 ns )                    ; vga:inst3|vga_counter:counter|pos_x[1]                     ; vga:inst3|vga_counter:counter|pos_x[6]                  ; clock_50mhz ; clock_50mhz ; None                        ; None                      ; 2.207 ns                ;
; N/A                                     ; 413.56 MHz ( period = 2.418 ns )                    ; vga:inst3|vga_counter:counter|pos_y[7]                     ; vga:inst3|vga_triggers:triggers|new_line_state          ; clock_50mhz ; clock_50mhz ; None                        ; None                      ; 2.205 ns                ;
; N/A                                     ; 414.77 MHz ( period = 2.411 ns )                    ; vga:inst3|vga_counter:counter|pos_y[3]                     ; vga:inst3|vga_counter:counter|pos_y[9]                  ; clock_50mhz ; clock_50mhz ; None                        ; None                      ; 2.197 ns                ;
; N/A                                     ; 419.29 MHz ( period = 2.385 ns )                    ; vga:inst3|vga_counter:counter|pos_y[0]                     ; vga:inst3|vga_triggers:triggers|new_frame_state         ; clock_50mhz ; clock_50mhz ; None                        ; None                      ; 2.172 ns                ;
; N/A                                     ; 419.64 MHz ( period = 2.383 ns )                    ; vga:inst3|vga_counter:counter|pos_x[0]                     ; vga:inst3|vga_counter:counter|pos_x[7]                  ; clock_50mhz ; clock_50mhz ; None                        ; None                      ; 2.169 ns                ;
; N/A                                     ; Restricted to 420.17 MHz ( period = 2.380 ns )      ; vga:inst3|vga_trans:trans|counter_state[0]                 ; vga:inst3|vga_trans:trans|mem_addr_state[3]             ; clock_50mhz ; clock_50mhz ; None                        ; None                      ; 2.161 ns                ;
; N/A                                     ; Restricted to 420.17 MHz ( period = 2.380 ns )      ; vga:inst3|vga_trans:trans|counter_state[2]                 ; vga:inst3|vga_trans:trans|mem_addr_state[1]             ; clock_50mhz ; clock_50mhz ; None                        ; None                      ; 2.159 ns                ;
; N/A                                     ; Restricted to 420.17 MHz ( period = 2.380 ns )      ; vga:inst3|vga_trans:trans|counter_state[1]                 ; vga:inst3|vga_trans:trans|mem_addr_state[5]             ; clock_50mhz ; clock_50mhz ; None                        ; None                      ; 2.158 ns                ;
; N/A                                     ; Restricted to 420.17 MHz ( period = 2.380 ns )      ; vga:inst3|vga_counter:counter|pos_x[3]                     ; vga:inst3|vga_counter:counter|pos_x[7]                  ; clock_50mhz ; clock_50mhz ; None                        ; None                      ; 2.156 ns                ;
; N/A                                     ; Restricted to 420.17 MHz ( period = 2.380 ns )      ; vga:inst3|vga_counter:counter|pos_x[2]                     ; vga:inst3|vga_counter:counter|pos_x[6]                  ; clock_50mhz ; clock_50mhz ; None                        ; None                      ; 2.152 ns                ;
; N/A                                     ; Restricted to 420.17 MHz ( period = 2.380 ns )      ; vga:inst3|vga_counter:counter|pos_y[0]                     ; vga:inst3|vga_triggers:triggers|new_line_state          ; clock_50mhz ; clock_50mhz ; None                        ; None                      ; 2.150 ns                ;
; N/A                                     ; Restricted to 420.17 MHz ( period = 2.380 ns )      ; vga:inst3|vga_trans_reset:trans_reset|counter_state[4]     ; vga:inst3|vga_trans_reset:trans_reset|mem_addr_state[5] ; clock_50mhz ; clock_50mhz ; None                        ; None                      ; 2.146 ns                ;
; N/A                                     ; Restricted to 420.17 MHz ( period = 2.380 ns )      ; vga:inst3|vga_counter:counter|pos_y[4]                     ; vga:inst3|vga_counter:counter|pos_y[2]                  ; clock_50mhz ; clock_50mhz ; None                        ; None                      ; 2.142 ns                ;
; N/A                                     ; Restricted to 420.17 MHz ( period = 2.380 ns )      ; vga:inst3|vga_counter:counter|pos_x[3]                     ; vga:inst3|vga_counter:counter|pos_y[2]                  ; clock_50mhz ; clock_50mhz ; None                        ; None                      ; 2.142 ns                ;
; N/A                                     ; Restricted to 420.17 MHz ( period = 2.380 ns )      ; vga:inst3|vga_counter:counter|pos_x[3]                     ; vga:inst3|vga_counter:counter|pos_y[4]                  ; clock_50mhz ; clock_50mhz ; None                        ; None                      ; 2.142 ns                ;
; N/A                                     ; Restricted to 420.17 MHz ( period = 2.380 ns )      ; vga:inst3|vga_counter:counter|pos_y[4]                     ; vga:inst3|vga_triggers:triggers|end_frame_state         ; clock_50mhz ; clock_50mhz ; None                        ; None                      ; 2.142 ns                ;
; N/A                                     ; Restricted to 420.17 MHz ( period = 2.380 ns )      ; vga:inst3|vga_counter:counter|pos_x[7]                     ; vga:inst3|vga_counter:counter|pos_y[2]                  ; clock_50mhz ; clock_50mhz ; None                        ; None                      ; 2.139 ns                ;
; N/A                                     ; Restricted to 420.17 MHz ( period = 2.380 ns )      ; vga:inst3|vga_counter:counter|pos_x[7]                     ; vga:inst3|vga_counter:counter|pos_y[4]                  ; clock_50mhz ; clock_50mhz ; None                        ; None                      ; 2.139 ns                ;
; N/A                                     ; Restricted to 420.17 MHz ( period = 2.380 ns )      ; vga:inst3|vga_counter:counter|pos_x[1]                     ; vga:inst3|vga_counter:counter|pos_x[7]                  ; clock_50mhz ; clock_50mhz ; None                        ; None                      ; 2.113 ns                ;
; N/A                                     ; Restricted to 420.17 MHz ( period = 2.380 ns )      ; vga:inst3|vga_counter:counter|pos_y[9]                     ; vga:inst3|vga_counter:counter|pos_y[2]                  ; clock_50mhz ; clock_50mhz ; None                        ; None                      ; 2.107 ns                ;
; N/A                                     ; Restricted to 420.17 MHz ( period = 2.380 ns )      ; vga:inst3|vga_counter:counter|pos_y[9]                     ; vga:inst3|vga_triggers:triggers|end_frame_state         ; clock_50mhz ; clock_50mhz ; None                        ; None                      ; 2.107 ns                ;
; N/A                                     ; Restricted to 420.17 MHz ( period = 2.380 ns )      ; vga:inst3|vga_field_check:field_check|end_field_line_state ; vga:inst3|vga_trans_reset:trans_reset|counter_state[4]  ; clock_50mhz ; clock_50mhz ; None                        ; None                      ; 2.122 ns                ;
; N/A                                     ; Restricted to 420.17 MHz ( period = 2.380 ns )      ; vga:inst3|vga_field_check:field_check|end_field_line_state ; vga:inst3|vga_trans_reset:trans_reset|counter_state[0]  ; clock_50mhz ; clock_50mhz ; None                        ; None                      ; 2.122 ns                ;
; N/A                                     ; Restricted to 420.17 MHz ( period = 2.380 ns )      ; vga:inst3|vga_field_check:field_check|end_field_line_state ; vga:inst3|vga_trans_reset:trans_reset|counter_state[3]  ; clock_50mhz ; clock_50mhz ; None                        ; None                      ; 2.122 ns                ;
; N/A                                     ; Restricted to 420.17 MHz ( period = 2.380 ns )      ; vga:inst3|vga_field_check:field_check|end_field_line_state ; vga:inst3|vga_trans_reset:trans_reset|counter_state[2]  ; clock_50mhz ; clock_50mhz ; None                        ; None                      ; 2.122 ns                ;
; N/A                                     ; Restricted to 420.17 MHz ( period = 2.380 ns )      ; vga:inst3|vga_field_check:field_check|end_field_line_state ; vga:inst3|vga_trans_reset:trans_reset|counter_state[1]  ; clock_50mhz ; clock_50mhz ; None                        ; None                      ; 2.122 ns                ;
; N/A                                     ; Restricted to 420.17 MHz ( period = 2.380 ns )      ; vga:inst3|vga_trans:trans|counter_state[0]                 ; vga:inst3|vga_trans:trans|mem_addr_state[2]             ; clock_50mhz ; clock_50mhz ; None                        ; None                      ; 2.090 ns                ;
; N/A                                     ; Restricted to 420.17 MHz ( period = 2.380 ns )      ; vga:inst3|vga_trans:trans|counter_state[1]                 ; vga:inst3|vga_trans:trans|mem_addr_state[4]             ; clock_50mhz ; clock_50mhz ; None                        ; None                      ; 2.087 ns                ;
; N/A                                     ; Restricted to 420.17 MHz ( period = 2.380 ns )      ; vga:inst3|vga_counter:counter|pos_y[5]                     ; vga:inst3|vga_counter:counter|pos_y[9]                  ; clock_50mhz ; clock_50mhz ; None                        ; None                      ; 2.083 ns                ;
; N/A                                     ; Restricted to 420.17 MHz ( period = 2.380 ns )      ; vga:inst3|vga_counter:counter|pos_y[6]                     ; vga:inst3|vga_triggers:triggers|new_frame_state         ; clock_50mhz ; clock_50mhz ; None                        ; None                      ; 2.081 ns                ;
; N/A                                     ; Restricted to 420.17 MHz ( period = 2.380 ns )      ; vga:inst3|vga_counter:counter|pos_x[3]                     ; vga:inst3|vga_triggers:triggers|new_frame_state         ; clock_50mhz ; clock_50mhz ; None                        ; None                      ; 2.077 ns                ;
; N/A                                     ; Restricted to 420.17 MHz ( period = 2.380 ns )      ; vga:inst3|vga_counter:counter|pos_x[3]                     ; vga:inst3|vga_triggers:triggers|new_line_state          ; clock_50mhz ; clock_50mhz ; None                        ; None                      ; 2.077 ns                ;
; N/A                                     ; Restricted to 420.17 MHz ( period = 2.380 ns )      ; vga:inst3|vga_trans_reset:trans_reset|counter_state[4]     ; vga:inst3|vga_trans_reset:trans_reset|mem_addr_state[4] ; clock_50mhz ; clock_50mhz ; None                        ; None                      ; 2.075 ns                ;
; N/A                                     ; Restricted to 420.17 MHz ( period = 2.380 ns )      ; vga:inst3|vga_counter:counter|pos_y[7]                     ; vga:inst3|vga_counter:counter|pos_y[4]                  ; clock_50mhz ; clock_50mhz ; None                        ; None                      ; 2.072 ns                ;
; N/A                                     ; Restricted to 420.17 MHz ( period = 2.380 ns )      ; vga:inst3|vga_counter:counter|pos_y[2]                     ; vga:inst3|vga_counter:counter|pos_y[0]                  ; clock_50mhz ; clock_50mhz ; None                        ; None                      ; 2.070 ns                ;
; N/A                                     ; Restricted to 420.17 MHz ( period = 2.380 ns )      ; vga:inst3|vga_triggers:triggers|new_frame_state            ; vga:inst3|vga_trans:trans|mem_addr_state[6]             ; clock_50mhz ; clock_50mhz ; None                        ; None                      ; 2.057 ns                ;
; Timing analysis restricted to 200 rows. ; To change the limit use Settings (Assignments menu) ;                                                            ;                                                         ;             ;             ;                             ;                           ;                         ;
+-----------------------------------------+-----------------------------------------------------+------------------------------------------------------------+---------------------------------------------------------+-------------+-------------+-----------------------------+---------------------------+-------------------------+


+--------------------------------------------------------------------------------------------------------------------------------------------------------------+
; tsu                                                                                                                                                          ;
+-------+--------------+------------+------+-----------------------------------------------------------------------------------------------------+-------------+
; Slack ; Required tsu ; Actual tsu ; From ; To                                                                                                  ; To Clock    ;
+-------+--------------+------------+------+-----------------------------------------------------------------------------------------------------+-------------+
; N/A   ; None         ; -3.328 ns  ; rst  ; sr_if:inst2|sr_tower:\generate_tower:0:tower_mod|bit4:\generate_bit4:0:bit4_mod|dfr11:dfr11_6|Q_INT ; clock_50mhz ;
; N/A   ; None         ; -3.328 ns  ; rst  ; sr_if:inst2|sr_tower:\generate_tower:0:tower_mod|bit4:\generate_bit4:0:bit4_mod|dfr11:dfr11_8|Q_INT ; clock_50mhz ;
; N/A   ; None         ; -3.328 ns  ; rst  ; sr_if:inst2|sr_tower:\generate_tower:0:tower_mod|bit4:\generate_bit4:2:bit4_mod|dfr11:dfr11_7|Q_INT ; clock_50mhz ;
; N/A   ; None         ; -3.328 ns  ; rst  ; sr_if:inst2|sr_tower:\generate_tower:0:tower_mod|bit4:\generate_bit4:0:bit4_mod|dfr11:dfr11_7|Q_INT ; clock_50mhz ;
+-------+--------------+------------+------+-----------------------------------------------------------------------------------------------------+-------------+


+-------------------------------------------------------------------------------------------------------------+
; tco                                                                                                         ;
+-------+--------------+------------+-----------------------------------------------+-----------+-------------+
; Slack ; Required tco ; Actual tco ; From                                          ; To        ; From Clock  ;
+-------+--------------+------------+-----------------------------------------------+-----------+-------------+
; N/A   ; None         ; 11.638 ns  ; vga:inst3|vga_read:read_and_output|h_sync_out ; vga_hsync ; clock_50mhz ;
; N/A   ; None         ; 11.466 ns  ; vga:inst3|vga_read:read_and_output|v_sync_out ; vga_vsync ; clock_50mhz ;
; N/A   ; None         ; 10.868 ns  ; vga:inst3|vga_read:read_and_output|red_out    ; vga_r[0]  ; clock_50mhz ;
; N/A   ; None         ; 10.852 ns  ; vga:inst3|vga_read:read_and_output|red_out    ; vga_r[3]  ; clock_50mhz ;
; N/A   ; None         ; 10.852 ns  ; vga:inst3|vga_read:read_and_output|red_out    ; vga_r[4]  ; clock_50mhz ;
; N/A   ; None         ; 10.848 ns  ; vga:inst3|vga_read:read_and_output|red_out    ; vga_r[1]  ; clock_50mhz ;
; N/A   ; None         ; 10.848 ns  ; vga:inst3|vga_read:read_and_output|red_out    ; vga_r[2]  ; clock_50mhz ;
; N/A   ; None         ; 10.623 ns  ; vga:inst3|vga_read:read_and_output|red_out    ; vga_g[0]  ; clock_50mhz ;
; N/A   ; None         ; 10.623 ns  ; vga:inst3|vga_read:read_and_output|red_out    ; vga_g[1]  ; clock_50mhz ;
; N/A   ; None         ; 10.619 ns  ; vga:inst3|vga_read:read_and_output|red_out    ; vga_r[5]  ; clock_50mhz ;
; N/A   ; None         ; 10.609 ns  ; vga:inst3|vga_read:read_and_output|red_out    ; vga_r[7]  ; clock_50mhz ;
; N/A   ; None         ; 10.599 ns  ; vga:inst3|vga_read:read_and_output|red_out    ; vga_r[6]  ; clock_50mhz ;
; N/A   ; None         ; 10.594 ns  ; vga:inst3|vga_read:read_and_output|blue_out   ; vga_b[8]  ; clock_50mhz ;
; N/A   ; None         ; 10.594 ns  ; vga:inst3|vga_read:read_and_output|blue_out   ; vga_b[9]  ; clock_50mhz ;
; N/A   ; None         ; 10.593 ns  ; vga:inst3|vga_read:read_and_output|red_out    ; vga_r[8]  ; clock_50mhz ;
; N/A   ; None         ; 10.593 ns  ; vga:inst3|vga_read:read_and_output|red_out    ; vga_r[9]  ; clock_50mhz ;
; N/A   ; None         ; 10.422 ns  ; vga:inst3|vga_read:read_and_output|blue_out   ; vga_b[4]  ; clock_50mhz ;
; N/A   ; None         ; 10.412 ns  ; vga:inst3|vga_read:read_and_output|blue_out   ; vga_b[5]  ; clock_50mhz ;
; N/A   ; None         ; 10.392 ns  ; vga:inst3|vga_read:read_and_output|blue_out   ; vga_b[6]  ; clock_50mhz ;
; N/A   ; None         ; 10.392 ns  ; vga:inst3|vga_read:read_and_output|blue_out   ; vga_b[7]  ; clock_50mhz ;
; N/A   ; None         ; 10.380 ns  ; vga:inst3|vga_read:read_and_output|red_out    ; vga_g[4]  ; clock_50mhz ;
; N/A   ; None         ; 10.380 ns  ; vga:inst3|vga_read:read_and_output|red_out    ; vga_g[5]  ; clock_50mhz ;
; N/A   ; None         ; 10.370 ns  ; vga:inst3|vga_read:read_and_output|red_out    ; vga_g[2]  ; clock_50mhz ;
; N/A   ; None         ; 10.370 ns  ; vga:inst3|vga_read:read_and_output|red_out    ; vga_g[3]  ; clock_50mhz ;
; N/A   ; None         ; 10.365 ns  ; vga:inst3|vga_read:read_and_output|red_out    ; vga_g[8]  ; clock_50mhz ;
; N/A   ; None         ; 10.365 ns  ; vga:inst3|vga_read:read_and_output|red_out    ; vga_g[9]  ; clock_50mhz ;
; N/A   ; None         ; 10.355 ns  ; vga:inst3|vga_read:read_and_output|red_out    ; vga_g[7]  ; clock_50mhz ;
; N/A   ; None         ; 10.347 ns  ; vga:inst3|vga_read:read_and_output|blue_out   ; vga_b[2]  ; clock_50mhz ;
; N/A   ; None         ; 10.337 ns  ; vga:inst3|vga_read:read_and_output|blue_out   ; vga_b[3]  ; clock_50mhz ;
; N/A   ; None         ; 10.335 ns  ; vga:inst3|vga_read:read_and_output|red_out    ; vga_g[6]  ; clock_50mhz ;
; N/A   ; None         ; 10.121 ns  ; vga:inst3|vga_read:read_and_output|blue_out   ; vga_b[0]  ; clock_50mhz ;
; N/A   ; None         ; 10.121 ns  ; vga:inst3|vga_read:read_and_output|blue_out   ; vga_b[1]  ; clock_50mhz ;
; N/A   ; None         ; 7.310 ns   ; gen6mhz:inst1|count[2]                        ; vga_clk   ; clock_50mhz ;
+-------+--------------+------------+-----------------------------------------------+-----------+-------------+


+--------------------------------------------------------------------------------------------------------------------------------------------------------------------+
; th                                                                                                                                                                 ;
+---------------+-------------+-----------+------+-----------------------------------------------------------------------------------------------------+-------------+
; Minimum Slack ; Required th ; Actual th ; From ; To                                                                                                  ; To Clock    ;
+---------------+-------------+-----------+------+-----------------------------------------------------------------------------------------------------+-------------+
; N/A           ; None        ; 3.558 ns  ; rst  ; sr_if:inst2|sr_tower:\generate_tower:0:tower_mod|bit4:\generate_bit4:0:bit4_mod|dfr11:dfr11_6|Q_INT ; clock_50mhz ;
; N/A           ; None        ; 3.558 ns  ; rst  ; sr_if:inst2|sr_tower:\generate_tower:0:tower_mod|bit4:\generate_bit4:0:bit4_mod|dfr11:dfr11_8|Q_INT ; clock_50mhz ;
; N/A           ; None        ; 3.558 ns  ; rst  ; sr_if:inst2|sr_tower:\generate_tower:0:tower_mod|bit4:\generate_bit4:2:bit4_mod|dfr11:dfr11_7|Q_INT ; clock_50mhz ;
; N/A           ; None        ; 3.558 ns  ; rst  ; sr_if:inst2|sr_tower:\generate_tower:0:tower_mod|bit4:\generate_bit4:0:bit4_mod|dfr11:dfr11_7|Q_INT ; clock_50mhz ;
+---------------+-------------+-----------+------+-----------------------------------------------------------------------------------------------------+-------------+


+--------------------------+
; Timing Analyzer Messages ;
+--------------------------+
Info: *******************************************************************
Info: Running Quartus II Classic Timing Analyzer
    Info: Version 10.0 Build 262 08/18/2010 Service Pack 1 SJ Full Version
    Info: Processing started: Fri Nov 29 16:24:47 2013
Info: Command: quartus_tan --read_settings_files=off --write_settings_files=off de2 -c top_de2 --timing_analysis_only
Warning: Classic Timing Analyzer will not be available in a future release of the Quartus II software. Use the TimeQuest Timing Analyzer to run timing analysis on your design. Convert all the project settings and the timing constraints to TimeQuest Timing Analyzer equivalents.
Info: Parallel compilation is enabled and will use 4 of the 4 processors detected
Warning: Found pins functioning as undefined clocks and/or memory enables
    Info: Assuming node "clock_50mhz" is an undefined clock
Warning: Found 1 node(s) in clock paths which may be acting as ripple and/or gated clocks -- node(s) analyzed as buffer(s) resulting in clock skew
    Info: Detected ripple clock "gen6mhz:inst1|count[2]" as buffer
Info: Clock "clock_50mhz" has Internal fmax of 332.89 MHz between source register "vga:inst3|vga_counter:counter|pos_x[0]" and destination register "vga:inst3|vga_counter:counter|pos_y[1]" (period= 3.004 ns)
    Info: + Longest register to register delay is 2.787 ns
        Info: 1: + IC(0.000 ns) + CELL(0.000 ns) = 0.000 ns; Loc. = LCFF_X43_Y25_N1; Fanout = 4; REG Node = 'vga:inst3|vga_counter:counter|pos_x[0]'
        Info: 2: + IC(0.521 ns) + CELL(0.410 ns) = 0.931 ns; Loc. = LCCOMB_X43_Y25_N24; Fanout = 6; COMB Node = 'vga:inst3|vga_counter:counter|Equal0~1'
        Info: 3: + IC(0.281 ns) + CELL(0.271 ns) = 1.483 ns; Loc. = LCCOMB_X43_Y25_N18; Fanout = 10; COMB Node = 'vga:inst3|vga_counter:counter|Equal0~2'
        Info: 4: + IC(0.644 ns) + CELL(0.660 ns) = 2.787 ns; Loc. = LCFF_X40_Y25_N17; Fanout = 5; REG Node = 'vga:inst3|vga_counter:counter|pos_y[1]'
        Info: Total cell delay = 1.341 ns ( 48.12 % )
        Info: Total interconnect delay = 1.446 ns ( 51.88 % )
    Info: - Smallest clock skew is -0.003 ns
        Info: + Shortest clock path from clock "clock_50mhz" to destination register is 6.384 ns
            Info: 1: + IC(0.000 ns) + CELL(0.999 ns) = 0.999 ns; Loc. = PIN_N2; Fanout = 2; CLK Node = 'clock_50mhz'
            Info: 2: + IC(1.046 ns) + CELL(0.787 ns) = 2.832 ns; Loc. = LCFF_X16_Y20_N17; Fanout = 3; REG Node = 'gen6mhz:inst1|count[2]'
            Info: 3: + IC(2.025 ns) + CELL(0.000 ns) = 4.857 ns; Loc. = CLKCTRL_G12; Fanout = 61; COMB Node = 'gen6mhz:inst1|count[2]~clkctrl'
            Info: 4: + IC(0.990 ns) + CELL(0.537 ns) = 6.384 ns; Loc. = LCFF_X40_Y25_N17; Fanout = 5; REG Node = 'vga:inst3|vga_counter:counter|pos_y[1]'
            Info: Total cell delay = 2.323 ns ( 36.39 % )
            Info: Total interconnect delay = 4.061 ns ( 63.61 % )
        Info: - Longest clock path from clock "clock_50mhz" to source register is 6.387 ns
            Info: 1: + IC(0.000 ns) + CELL(0.999 ns) = 0.999 ns; Loc. = PIN_N2; Fanout = 2; CLK Node = 'clock_50mhz'
            Info: 2: + IC(1.046 ns) + CELL(0.787 ns) = 2.832 ns; Loc. = LCFF_X16_Y20_N17; Fanout = 3; REG Node = 'gen6mhz:inst1|count[2]'
            Info: 3: + IC(2.025 ns) + CELL(0.000 ns) = 4.857 ns; Loc. = CLKCTRL_G12; Fanout = 61; COMB Node = 'gen6mhz:inst1|count[2]~clkctrl'
            Info: 4: + IC(0.993 ns) + CELL(0.537 ns) = 6.387 ns; Loc. = LCFF_X43_Y25_N1; Fanout = 4; REG Node = 'vga:inst3|vga_counter:counter|pos_x[0]'
            Info: Total cell delay = 2.323 ns ( 36.37 % )
            Info: Total interconnect delay = 4.064 ns ( 63.63 % )
    Info: + Micro clock to output delay of source is 0.250 ns
    Info: + Micro setup delay of destination is -0.036 ns
Info: tsu for register "sr_if:inst2|sr_tower:\generate_tower:0:tower_mod|bit4:\generate_bit4:0:bit4_mod|dfr11:dfr11_6|Q_INT" (data pin = "rst", clock pin = "clock_50mhz") is -3.328 ns
    Info: + Longest pin to register delay is 3.085 ns
        Info: 1: + IC(0.000 ns) + CELL(0.999 ns) = 0.999 ns; Loc. = PIN_N25; Fanout = 5; PIN Node = 'rst'
        Info: 2: + IC(1.576 ns) + CELL(0.510 ns) = 3.085 ns; Loc. = LCFF_X41_Y26_N17; Fanout = 2; REG Node = 'sr_if:inst2|sr_tower:\generate_tower:0:tower_mod|bit4:\generate_bit4:0:bit4_mod|dfr11:dfr11_6|Q_INT'
        Info: Total cell delay = 1.509 ns ( 48.91 % )
        Info: Total interconnect delay = 1.576 ns ( 51.09 % )
    Info: + Micro setup delay of destination is -0.036 ns
    Info: - Shortest clock path from clock "clock_50mhz" to destination register is 6.377 ns
        Info: 1: + IC(0.000 ns) + CELL(0.999 ns) = 0.999 ns; Loc. = PIN_N2; Fanout = 2; CLK Node = 'clock_50mhz'
        Info: 2: + IC(1.046 ns) + CELL(0.787 ns) = 2.832 ns; Loc. = LCFF_X16_Y20_N17; Fanout = 3; REG Node = 'gen6mhz:inst1|count[2]'
        Info: 3: + IC(2.025 ns) + CELL(0.000 ns) = 4.857 ns; Loc. = CLKCTRL_G12; Fanout = 61; COMB Node = 'gen6mhz:inst1|count[2]~clkctrl'
        Info: 4: + IC(0.983 ns) + CELL(0.537 ns) = 6.377 ns; Loc. = LCFF_X41_Y26_N17; Fanout = 2; REG Node = 'sr_if:inst2|sr_tower:\generate_tower:0:tower_mod|bit4:\generate_bit4:0:bit4_mod|dfr11:dfr11_6|Q_INT'
        Info: Total cell delay = 2.323 ns ( 36.43 % )
        Info: Total interconnect delay = 4.054 ns ( 63.57 % )
Info: tco from clock "clock_50mhz" to destination pin "vga_hsync" through register "vga:inst3|vga_read:read_and_output|h_sync_out" is 11.638 ns
    Info: + Longest clock path from clock "clock_50mhz" to source register is 6.421 ns
        Info: 1: + IC(0.000 ns) + CELL(0.999 ns) = 0.999 ns; Loc. = PIN_N2; Fanout = 2; CLK Node = 'clock_50mhz'
        Info: 2: + IC(1.046 ns) + CELL(0.787 ns) = 2.832 ns; Loc. = LCFF_X16_Y20_N17; Fanout = 3; REG Node = 'gen6mhz:inst1|count[2]'
        Info: 3: + IC(2.025 ns) + CELL(0.000 ns) = 4.857 ns; Loc. = CLKCTRL_G12; Fanout = 61; COMB Node = 'gen6mhz:inst1|count[2]~clkctrl'
        Info: 4: + IC(1.027 ns) + CELL(0.537 ns) = 6.421 ns; Loc. = LCFF_X31_Y29_N9; Fanout = 1; REG Node = 'vga:inst3|vga_read:read_and_output|h_sync_out'
        Info: Total cell delay = 2.323 ns ( 36.18 % )
        Info: Total interconnect delay = 4.098 ns ( 63.82 % )
    Info: + Micro clock to output delay of source is 0.250 ns
    Info: + Longest register to pin delay is 4.967 ns
        Info: 1: + IC(0.000 ns) + CELL(0.000 ns) = 0.000 ns; Loc. = LCFF_X31_Y29_N9; Fanout = 1; REG Node = 'vga:inst3|vga_read:read_and_output|h_sync_out'
        Info: 2: + IC(2.159 ns) + CELL(2.808 ns) = 4.967 ns; Loc. = PIN_A7; Fanout = 0; PIN Node = 'vga_hsync'
        Info: Total cell delay = 2.808 ns ( 56.53 % )
        Info: Total interconnect delay = 2.159 ns ( 43.47 % )
Info: th for register "sr_if:inst2|sr_tower:\generate_tower:0:tower_mod|bit4:\generate_bit4:0:bit4_mod|dfr11:dfr11_6|Q_INT" (data pin = "rst", clock pin = "clock_50mhz") is 3.558 ns
    Info: + Longest clock path from clock "clock_50mhz" to destination register is 6.377 ns
        Info: 1: + IC(0.000 ns) + CELL(0.999 ns) = 0.999 ns; Loc. = PIN_N2; Fanout = 2; CLK Node = 'clock_50mhz'
        Info: 2: + IC(1.046 ns) + CELL(0.787 ns) = 2.832 ns; Loc. = LCFF_X16_Y20_N17; Fanout = 3; REG Node = 'gen6mhz:inst1|count[2]'
        Info: 3: + IC(2.025 ns) + CELL(0.000 ns) = 4.857 ns; Loc. = CLKCTRL_G12; Fanout = 61; COMB Node = 'gen6mhz:inst1|count[2]~clkctrl'
        Info: 4: + IC(0.983 ns) + CELL(0.537 ns) = 6.377 ns; Loc. = LCFF_X41_Y26_N17; Fanout = 2; REG Node = 'sr_if:inst2|sr_tower:\generate_tower:0:tower_mod|bit4:\generate_bit4:0:bit4_mod|dfr11:dfr11_6|Q_INT'
        Info: Total cell delay = 2.323 ns ( 36.43 % )
        Info: Total interconnect delay = 4.054 ns ( 63.57 % )
    Info: + Micro hold delay of destination is 0.266 ns
    Info: - Shortest pin to register delay is 3.085 ns
        Info: 1: + IC(0.000 ns) + CELL(0.999 ns) = 0.999 ns; Loc. = PIN_N25; Fanout = 5; PIN Node = 'rst'
        Info: 2: + IC(1.576 ns) + CELL(0.510 ns) = 3.085 ns; Loc. = LCFF_X41_Y26_N17; Fanout = 2; REG Node = 'sr_if:inst2|sr_tower:\generate_tower:0:tower_mod|bit4:\generate_bit4:0:bit4_mod|dfr11:dfr11_6|Q_INT'
        Info: Total cell delay = 1.509 ns ( 48.91 % )
        Info: Total interconnect delay = 1.576 ns ( 51.09 % )
Info: Quartus II Classic Timing Analyzer was successful. 0 errors, 3 warnings
    Info: Peak virtual memory: 194 megabytes
    Info: Processing ended: Fri Nov 29 16:24:48 2013
    Info: Elapsed time: 00:00:01
    Info: Total CPU time (on all processors): 00:00:00


