                  0 UUDLLLLLLLL
                 82 DUDLLLLLLLL
                164 UUDLLLLLLLL
                246 DUDLLLLLLLL
                250 DDULLLLLLLL
                328 UDULLLLLLLH
                410 DDULLLLLLLH
                492 UDULLLLLLHH
                574 DDULLLLLLHH
                656 UDULLLLLLHH
                738 DDULLLLLLHH
                820 UDULLLLLHHH
                902 DDULLLLLHHH
                984 UDULLLLLHHH
               1066 DDULLLLLHHH
               1148 UDULLLLLHHH
               1150 UDDLLLLLHHH
               1230 DDDLLLLLHHH
               1250 DDULLLLLHHH
               1312 UDULLLLLHHH
               1350 UDDLLLLLHHH
               1394 DDDLLLLLHHH
               1476 UDDLLLLLHHH
               1558 DDDLLLLLHHH
               1640 UDDLLLLLHHH
               1722 DDDLLLLLHHH
               1804 UDDLLLLLHHH
               1886 DDDLLLLLHHH
               1968 UDDLLLLLHHH
               2050 DDDLLLLLHHH
               2132 UDDLLLLLHHH
               2214 DDDLLLLLHHH
               2296 UDDLLLLLHHH
               2378 DDDLLLLLHHH
               2460 UDDLLLLLHHH
               2542 DDDLLLLLHHH
               2624 UDDLLLLLHHH
               2706 DDDLLLLLHHH
               2788 UDDLLLLLHHH
               2870 DDDLLLLLHHH
               2952 UDDLLLLLHHH
               3034 DDDLLLLLHHH
               3116 UDDLLLLLHHH
               3198 DDDLLLLLHHH
               3280 UDDLLLLLHHH
               3362 DDDLLLLLHHH
               3444 UDDLLLLLHHH
               3526 DDDLLLLLHHH
               3608 UDDLLLLLHHH
               3690 DDDLLLLLHHH
               3772 UDDLLLLLHHH
               3854 DDDLLLLLHHH
               3936 UDDLLLLLHHH
               4018 DDDLLLLLHHH
               4100 UDDLLLLLHHH
               4182 DDDLLLLLHHH
               4264 UDDLLLLLHHH
               4346 DDDLLLLLHHH
               4428 UDDLLLLLHHH
               4510 DDDLLLLLHHH
               4592 UDDLLLLLHHH
               4674 DDDLLLLLHHH
               4756 UDDLLLLLHHH
               4838 DDDLLLLLHHH
               4920 UDDLLLLLHHH
               5002 DDDLLLLLHHH
               5084 UDDLLLLLHHH
               5166 DDDLLLLLHHH
               5248 UDDLLLLLHHH
               5330 DDDLLLLLHHH
               5412 UDDLLLLLHHH
               5494 DDDLLLLLHHH
               5576 UDDLLLLLHHH
               5658 DDDLLLLLHHH
               5740 UDDLLLLLHHH
               5822 DDDLLLLLHHH
               5904 UDDLLLLLHHH
               5986 DDDLLLLLHHH
               6068 UDDLLLLLHHH
               6150 DDDLLLLLHHH
               6232 UDDLLLLLHHH
               6314 DDDLLLLLHHH
               6396 UDDLLLLLHHH
               6478 DDDLLLLLHHH
               6560 UDDLLLLLHHH
               6642 DDDLLLLLHHH
               6724 UDDLLLLLHHH
               6806 DDDLLLLLHHH
               6888 UDDLLLLLHHH
               6970 DDDLLLLLHHH
               7052 UDDLLLLLHHH
               7134 DDDLLLLLHHH
               7216 UDDLLLLLHHH
               7298 DDDLLLLLHHH
               7380 UDDLLLLLHHH
               7462 DDDLLLLLHHH
               7544 UDDLLLLLHHH
               7626 DDDLLLLLHHH
               7708 UDDLLLLLHHH
               7790 DDDLLLLLHHH
               7872 UDDLLLLLHHH
               7954 DDDLLLLLHHH
               8036 UDDLLLLLHHH
               8118 DDDLLLLLHHH
               8200 UDDLLLLLHHH
               8282 DDDLLLLLHHH
               8364 UDDLLLLLHHH
               8446 DDDLLLLLHHH
               8528 UDDLLLLLHHH
               8610 DDDLLLLLHHH
               8692 UDDLLLLLHHH
               8774 DDDLLLLLHHH
               8856 UDDLLLLLHHH
               8938 DDDLLLLLHHH
               9020 UDDLLLLLHHH
               9102 DDDLLLLLHHH
               9184 UDDLLLLLHHH
               9266 DDDLLLLLHHH
               9348 UDDLLLLLHHH
               9430 DDDLLLLLHHH
               9512 UDDLLLLLHHH
               9594 DDDLLLLLHHH
               9676 UDDLLLLLHHH
               9758 DDDLLLLLHHH
               9840 UDDLLLLLHHH
               9922 DDDLLLLLHHH
