                  0 UUNLLDNNNNNNNNNNNNNNNN
                 80 DUNLLDNNNNNNNNNNNNNNNN
                160 UUNLLDNNNNNNNNNNNNNNNN
                240 DUNLLDNNNNNNNNNNNNNNNN
                300 DDDLLDDDDDDDUDDDDDUDUD
                320 UDDLLDDDDDDDUDDDDDUDUD
                400 DDDLLDDDDDDDUDDDDDUDUD
                460 DDULLUDDDDDDUDDDDDUDUD
                480 UDULLUDDDDDDUDDDDDUDUD
                560 DDULLUDDDDDDUDDDDDUDUD
                620 DDDLLDDDDDUDUDDDDDUDUD
                640 UDDLLDDDDDUDUDDDDDUDUD
                720 DDDLLDDDDDUDUDDDDDUDUD
                780 DDULLUDDDDUDUDDDDDUDUD
                800 UDULLUDDDDUDUDDDDDUDUD
                880 DDULLUDDDDUDUDDDDDUDUD
                940 DDDLLDDDUDUDUDDDDDUDUD
                960 UDDLHDDDUDUDUDDDDDUDUD
               1040 DDDLHDDDUDUDUDDDDDUDUD
               1100 DDULHUDDUDUDUDDDDDUDUD
               1120 UDULHUDDUDUDUDDDDDUDUD
               1200 DDULHUDDUDUDUDDDDDUDUD
               1260 DDDLHUDDUDUDUDDDDDUDUD
               1280 UDDHHUDDUDUDUDDDDDUDUD
               1360 DDDHHUDDUDUDUDDDDDUDUD
               1420 DDDHHDDDDDDDUDDDDDUDUD
               1440 UDDHHDDDDDDDUDDDDDUDUD
               1520 DDDHHDDDDDDDUDDDDDUDUD
               1580 DDDHHDDDDDUDUDDDDDUDUD
               1600 UDDHHDDDDDUDUDDDDDUDUD
               1680 DDDHHDDDDDUDUDDDDDUDUD
               1740 DDDHHDDDUDUDUDDDDDUDUD
               1760 UDDLHDDDUDUDUDDDDDUDUD
               1840 DDDLHDDDUDUDUDDDDDUDUD
               1900 DDDLHDDDUDUDUDDDDDDDUD
               1920 UDDLHDDDUDUDUDDDDDDDUD
               2000 DDDLHDDDUDUDUDDDDDDDUD
               2060 DDDLHDDDUDUDUDDDDDUDUD
               2080 UDDLHDDDUDUDUDDDDDUDUD
               2160 DDDLHDDDUDUDUDDDDDUDUD
               2220 DDDLHDDDUDUDUDDDUDUDUD
               2240 UDDLLDDDUDUDUDDDUDUDUD
               2320 DDDLLDDDUDUDUDDDUDUDUD
               2380 DUDLLDDDUDUDUDDDUDUDUD
               2400 UUDLLDDDUDUDUDDDUDUDUD
               2480 DUDLLDDDUDUDUDDDUDUDUD
               2560 UUDLLDDDUDUDUDDDUDUDUD
               2640 DUDLLDDDUDUDUDDDUDUDUD
               2680 DDDLLDDDDDDDUDDDDDUDUD
               2720 UDDLLDDDDDDDUDDDDDUDUD
               2800 DDDLLDDDDDDDUDDDDDUDUD
               2840 DDULLUDDDDDDUDDDDDUDUD
               2880 UDULLUDDDDDDUDDDDDUDUD
               2960 DDULLUDDDDDDUDDDDDUDUD
               3000 DDDLLDDDDDUDUDDDDDUDUD
               3040 UDDLLDDDDDUDUDDDDDUDUD
               3120 DDDLLDDDDDUDUDDDDDUDUD
               3160 DDULLUDDDDUDUDDDDDUDUD
               3200 UDULLUDDDDUDUDDDDDUDUD
               3280 DDULLUDDDDUDUDDDDDUDUD
               3320 DDDLLDDDUDUDUDDDDDUDUD
               3360 UDDLHDDDUDUDUDDDDDUDUD
               3440 DDDLHDDDUDUDUDDDDDUDUD
               3480 DDULHUDDUDUDUDDDDDUDUD
               3520 UDULHUDDUDUDUDDDDDUDUD
               3600 DDULHUDDUDUDUDDDDDUDUD
               3640 DDDLHUDDUDUDUDDDDDUDUD
               3680 UDDHHUDDUDUDUDDDDDUDUD
               3760 DDDHHUDDUDUDUDDDDDUDUD
               3800 DDDHHDDDDDDDUDDDDDUDUD
               3840 UDDHHDDDDDDDUDDDDDUDUD
               3920 DDDHHDDDDDDDUDDDDDUDUD
               3960 DDDHHDDDDDUDUDDDDDUDUD
               4000 UDDHHDDDDDUDUDDDDDUDUD
