                  0 UNNDDDLLLLLLLL
               1000 DNNDDDLLLLLLLL
               2000 UNNDDDLLLLLLLL
               3000 DNNDDDLLLLLLLL
               4000 UUNDDDLLLLLLLL
               5000 DUNDDDLLLLLLLL
               6000 UUNDDDLLLLLLLL
               7000 DUNDDDLLLLLLLL
               8000 UDNDDDLLLLLLLL
               9000 DDNDDDLLLLLLLL
              10000 UDNDDDLLLLLLLL
              10200 UDUDDDLLLLLLLL
              11000 DDUDDDLLLLLLLL
              12000 UDUDDDLLLLLLLL
              12200 UDDDDDLLLLLLLL
              13000 DDDDDDLLLLLLLL
              14000 UDDDDDLLLLLLLL
              15000 DDDDDDLLLLLLLL
              16000 UDDDDDLLLLLLLL
              17000 DDDDDDLLLLLLLL
              18000 UDDDDDLLLLLLLL
              19000 DDDDDDLLLLLLLL
              20000 UDDDDDLLLLLLLL
              21000 DDDDDDLLLLLLLL
              22000 UDDDDDLLLLLLLL
              23000 DDDDDDLLLLLLLL
              24000 UDDDDDLLLLLLLL
              25000 DDDDDDLLLLLLLL
              26000 UDDDDDLLLLLLLL
              27000 DDDDDDLLLLLLLL
              28000 UDDDDDLLLLLLLL
              29000 DDDDDDLLLLLLLL
              30000 UDDDDDLLLLLLLL
              31000 DDDDDDLLLLLLLL
              32000 UDDDDDLLLLLLLL
              33000 DDDDDDLLLLLLLL
              34000 UDDDDDLLLLLLLL
              35000 DDDDDDLLLLLLLL
              36000 UDDDDDLLLLLLLL
              37000 DDDDDDLLLLLLLL
              38000 UDDDDDLLLLLLLL
              39000 DDDDDDLLLLLLLL
              40000 UDDDDDLLLLLLLL
              41000 DDDDDDLLLLLLLL
              42000 UDDDDDLLLLLLLL
              43000 DDDDDDLLLLLLLL
              44000 UDDDDDLLLLLLLL
              45000 DDDDDDLLLLLLLL
              46000 UDDDDDLLLLLLLL
              47000 DDDDDDLLLLLLLL
              48000 UDDDDDLLLLLLLL
              49000 DDDDDDLLLLLLLL
              50000 UDDDDDLLLLLLLL
              51000 DDDDDDLLLLLLLL
              52000 UDDDDDLLLLLLLL
              52200 UDUDDULLLLLLLL
              53000 DDUDDULLLLLLLL
              54000 UDUDDULLLLLLLH
              54200 UDDDDULLLLLLLH
              55000 DDDDDULLLLLLLH
              56000 UDDDDULLLLLLLH
              57000 DDDDDULLLLLLLH
              58000 UDDDDULLLLLLLH
              59000 DDDDDULLLLLLLH
              60000 UDDDDULLLLLLLH
              61000 DDDDDULLLLLLLH
              62000 UDDDDULLLLLLLH
              63000 DDDDDULLLLLLLH
              64000 UDDDDULLLLLLLH
              65000 DDDDDULLLLLLLH
              66000 UDDDDULLLLLLLH
              67000 DDDDDULLLLLLLH
              68000 UDDDDULLLLLLLH
              69000 DDDDDULLLLLLLH
              70000 UDDDDULLLLLLLH
              71000 DDDDDULLLLLLLH
              72000 UDDDDULLLLLLLH
              73000 DDDDDULLLLLLLH
              74000 UDDDDULLLLLLLH
              74200 UDUUUULLLLLLLH
              75000 DDUUUULLLLLLLH
              76000 UDUUUULLLLHHHH
              77000 DDUUUULLLLHHHH
              78000 UDUUUULLLLHHHH
              79000 DDUUUULLLLHHHH
              80000 UDUUUULLLHHHHH
              81000 DDUUUULLLHHHHH
              82000 UDUUUULLLHHHHH
              83000 DDUUUULLLHHHHH
              84000 UDUUUULLHHHHHH
              85000 DDUUUULLHHHHHH
              86000 UDUUUULLHHHHHH
              87000 DDUUUULLHHHHHH
              88000 UDUUUULLHHHHHH
              89000 DDUUUULLHHHHHH
              90000 UDUUUULLHHHHHH
              91000 DDUUUULLHHHHHH
              92000 UDUUUULHHHHHHH
              93000 DDUUUULHHHHHHH
              94000 UDUUUULHHHHHHH
              95000 DDUUUULHHHHHHH
              96000 UDUUUULHHHHHHH
              97000 DDUUUULHHHHHHH
              98000 UDUUUULHHHHHHH
              99000 DDUUUULHHHHHHH
             100000 UDUUUULHHHHHHH
